Component: ARM Compiler 5.06 update 4 (build 422) Tool: armlink [4d35d2]

==============================================================================

Section Cross References

    startup_stm32f103xb.o(STACK) refers (Special) to heapauxi.o(.text) for __use_two_region_memory
    startup_stm32f103xb.o(HEAP) refers (Special) to heapauxi.o(.text) for __use_two_region_memory
    startup_stm32f103xb.o(RESET) refers (Special) to heapauxi.o(.text) for __use_two_region_memory
    startup_stm32f103xb.o(RESET) refers to startup_stm32f103xb.o(STACK) for __initial_sp
    startup_stm32f103xb.o(RESET) refers to startup_stm32f103xb.o(.text) for Reset_Handler
    startup_stm32f103xb.o(RESET) refers to stm32f1xx_it.o(i.NMI_Handler) for NMI_Handler
    startup_stm32f103xb.o(RESET) refers to stm32f1xx_it.o(i.HardFault_Handler) for HardFault_Handler
    startup_stm32f103xb.o(RESET) refers to stm32f1xx_it.o(i.MemManage_Handler) for MemManage_Handler
    startup_stm32f103xb.o(RESET) refers to stm32f1xx_it.o(i.BusFault_Handler) for BusFault_Handler
    startup_stm32f103xb.o(RESET) refers to stm32f1xx_it.o(i.UsageFault_Handler) for UsageFault_Handler
    startup_stm32f103xb.o(RESET) refers to stm32f1xx_it.o(i.SVC_Handler) for SVC_Handler
    startup_stm32f103xb.o(RESET) refers to stm32f1xx_it.o(i.DebugMon_Handler) for DebugMon_Handler
    startup_stm32f103xb.o(RESET) refers to stm32f1xx_it.o(i.PendSV_Handler) for PendSV_Handler
    startup_stm32f103xb.o(RESET) refers to stm32f1xx_it.o(i.SysTick_Handler) for SysTick_Handler
    startup_stm32f103xb.o(RESET) refers to stm32f1xx_it.o(i.EXTI0_IRQHandler) for EXTI0_IRQHandler
    startup_stm32f103xb.o(RESET) refers to stm32f1xx_it.o(i.EXTI1_IRQHandler) for EXTI1_IRQHandler
    startup_stm32f103xb.o(RESET) refers to stm32f1xx_it.o(i.DMA1_Channel3_IRQHandler) for DMA1_Channel3_IRQHandler
    startup_stm32f103xb.o(RESET) refers to stm32f1xx_it.o(i.DMA1_Channel5_IRQHandler) for DMA1_Channel5_IRQHandler
    startup_stm32f103xb.o(RESET) refers to stm32f1xx_it.o(i.EXTI9_5_IRQHandler) for EXTI9_5_IRQHandler
    startup_stm32f103xb.o(RESET) refers to stm32f1xx_it.o(i.TIM3_IRQHandler) for TIM3_IRQHandler
    startup_stm32f103xb.o(RESET) refers to stm32f1xx_it.o(i.USART1_IRQHandler) for USART1_IRQHandler
    startup_stm32f103xb.o(.text) refers (Special) to heapauxi.o(.text) for __use_two_region_memory
    startup_stm32f103xb.o(.text) refers to system_stm32f1xx.o(i.SystemInit) for SystemInit
    startup_stm32f103xb.o(.text) refers to __main.o(!!!main) for __main
    startup_stm32f103xb.o(.text) refers to startup_stm32f103xb.o(HEAP) for Heap_Mem
    startup_stm32f103xb.o(.text) refers to startup_stm32f103xb.o(STACK) for Stack_Mem
    main.o(i.SystemClock_Config) refers to rt_memclr_w.o(.text) for __aeabi_memclr4
    main.o(i.SystemClock_Config) refers to stm32f1xx_hal_rcc.o(i.HAL_RCC_OscConfig) for HAL_RCC_OscConfig
    main.o(i.SystemClock_Config) refers to stm32f1xx_hal_rcc.o(i.HAL_RCC_ClockConfig) for HAL_RCC_ClockConfig
    main.o(i.main) refers to stm32f1xx_hal.o(i.HAL_Init) for HAL_Init
    main.o(i.main) refers to main.o(i.SystemClock_Config) for SystemClock_Config
    main.o(i.main) refers to gpio.o(i.MX_GPIO_Init) for MX_GPIO_Init
    main.o(i.main) refers to dma.o(i.MX_DMA_Init) for MX_DMA_Init
    main.o(i.main) refers to usart.o(i.MX_USART1_UART_Init) for MX_USART1_UART_Init
    main.o(i.main) refers to tim.o(i.MX_TIM3_Init) for MX_TIM3_Init
    main.o(i.main) refers to tim.o(i.MX_TIM1_Init) for MX_TIM1_Init
    main.o(i.main) refers to tim.o(i.MX_TIM4_Init) for MX_TIM4_Init
    main.o(i.main) refers to tim.o(i.MX_TIM2_Init) for MX_TIM2_Init
    main.o(i.main) refers to spi.o(i.MX_SPI1_Init) for MX_SPI1_Init
    main.o(i.main) refers to stm32f1xx_hal_tim.o(i.HAL_TIM_Base_Start_IT) for HAL_TIM_Base_Start_IT
    main.o(i.main) refers to stm32f1xx_hal_tim.o(i.HAL_TIM_Base_Start) for HAL_TIM_Base_Start
    main.o(i.main) refers to ws2812b.o(i.RGB_WHITE) for RGB_WHITE
    main.o(i.main) refers to motor.o(i.motor_init) for motor_init
    main.o(i.main) refers to robot_arm.o(i.robot_arm_init) for robot_arm_init
    main.o(i.main) refers to tim.o(.bss) for htim3
    gpio.o(i.MX_GPIO_Init) refers to stm32f1xx_hal_gpio.o(i.HAL_GPIO_WritePin) for HAL_GPIO_WritePin
    gpio.o(i.MX_GPIO_Init) refers to stm32f1xx_hal_gpio.o(i.HAL_GPIO_Init) for HAL_GPIO_Init
    gpio.o(i.MX_GPIO_Init) refers to stm32f1xx_hal_cortex.o(i.HAL_NVIC_SetPriority) for HAL_NVIC_SetPriority
    gpio.o(i.MX_GPIO_Init) refers to stm32f1xx_hal_cortex.o(i.HAL_NVIC_EnableIRQ) for HAL_NVIC_EnableIRQ
    dma.o(i.MX_DMA_Init) refers to stm32f1xx_hal_cortex.o(i.HAL_NVIC_SetPriority) for HAL_NVIC_SetPriority
    dma.o(i.MX_DMA_Init) refers to stm32f1xx_hal_cortex.o(i.HAL_NVIC_EnableIRQ) for HAL_NVIC_EnableIRQ
    spi.o(i.HAL_SPI_MspDeInit) refers to stm32f1xx_hal_gpio.o(i.HAL_GPIO_DeInit) for HAL_GPIO_DeInit
    spi.o(i.HAL_SPI_MspDeInit) refers to stm32f1xx_hal_dma.o(i.HAL_DMA_DeInit) for HAL_DMA_DeInit
[...]
    ..\Drivers\STM32F1xx_HAL_Driver\Src\stm32f1xx_hal.c 0x00000000   Number         0  stm32f1xx_hal.o ABSOLUTE
    ..\Drivers\STM32F1xx_HAL_Driver\Src\stm32f1xx_hal_cortex.c 0x00000000   Number         0  stm32f1xx_hal_cortex.o ABSOLUTE
    ..\Drivers\STM32F1xx_HAL_Driver\Src\stm32f1xx_hal_dma.c 0x00000000   Number         0  stm32f1xx_hal_dma.o ABSOLUTE
    ..\Drivers\STM32F1xx_HAL_Driver\Src\stm32f1xx_hal_exti.c 0x00000000   Number         0  stm32f1xx_hal_exti.o ABSOLUTE
    ..\Drivers\STM32F1xx_HAL_Driver\Src\stm32f1xx_hal_flash.c 0x00000000   Number         0  stm32f1xx_hal_flash.o ABSOLUTE
    ..\Drivers\STM32F1xx_HAL_Driver\Src\stm32f1xx_hal_flash_ex.c 0x00000000   Number         0  stm32f1xx_hal_flash_ex.o ABSOLUTE
    ..\Drivers\STM32F1xx_HAL_Driver\Src\stm32f1xx_hal_gpio.c 0x00000000   Number         0  stm32f1xx_hal_gpio.o ABSOLUTE
    ..\Drivers\STM32F1xx_HAL_Driver\Src\stm32f1xx_hal_gpio_ex.c 0x00000000   Number         0  stm32f1xx_hal_gpio_ex.o ABSOLUTE
    ..\Drivers\STM32F1xx_HAL_Driver\Src\stm32f1xx_hal_pwr.c 0x00000000   Number         0  stm32f1xx_hal_pwr.o ABSOLUTE
    ..\Drivers\STM32F1xx_HAL_Driver\Src\stm32f1xx_hal_rcc.c 0x00000000   Number         0  stm32f1xx_hal_rcc.o ABSOLUTE
    ..\Drivers\STM32F1xx_HAL_Driver\Src\stm32f1xx_hal_rcc_ex.c 0x00000000   Number         0  stm32f1xx_hal_rcc_ex.o ABSOLUTE
    ..\Drivers\STM32F1xx_HAL_Driver\Src\stm32f1xx_hal_spi.c 0x00000000   Number         0  stm32f1xx_hal_spi.o ABSOLUTE
    ..\Drivers\STM32F1xx_HAL_Driver\Src\stm32f1xx_hal_tim.c 0x00000000   Number         0  stm32f1xx_hal_tim.o ABSOLUTE
    ..\Drivers\STM32F1xx_HAL_Driver\Src\stm32f1xx_hal_tim_ex.c 0x00000000   Number         0  stm32f1xx_hal_tim_ex.o ABSOLUTE
    ..\Drivers\STM32F1xx_HAL_Driver\Src\stm32f1xx_hal_uart.c 0x00000000   Number         0  stm32f1xx_hal_uart.o ABSOLUTE
    ..\\Core\\Src\\controller.c              0x00000000   Number         0  controller.o ABSOLUTE
    ..\\Core\\Src\\motor.c                   0x00000000   Number         0  motor.o ABSOLUTE
    ..\\Core\\Src\\robot_arm.c               0x00000000   Number         0  robot_arm.o ABSOLUTE
    ..\\Core\\Src\\ws2812b.c                 0x00000000   Number         0  ws2812b.o ABSOLUTE
    dc.s                                     0x00000000   Number         0  dc.o ABSOLUTE
    startup_stm32f103xb.s                    0x00000000   Number         0  startup_stm32f103xb.o ABSOLUTE
    RESET                                    0x08000000   Section      236  startup_stm32f103xb.o(RESET)
    !!!main                                  0x080000ec   Section        8  __main.o(!!!main)
    !!!scatter                               0x080000f4   Section       52  __scatter.o(!!!scatter)
    !!handler_copy                           0x08000128   Section       26  __scatter_copy.o(!!handler_copy)
    !!handler_zi                             0x08000144   Section       28  __scatter_zi.o(!!handler_zi)
    .ARM.Collect$$libinit$$00000000          0x08000160   Section        2  libinit.o(.ARM.Collect$$libinit$$00000000)
    .ARM.Collect$$libinit$$00000002          0x08000162   Section        0  libinit2.o(.ARM.Collect$$libinit$$00000002)
    .ARM.Collect$$libinit$$00000004          0x08000162   Section        0  libinit2.o(.ARM.Collect$$libinit$$00000004)
    .ARM.Collect$$libinit$$0000000A          0x08000162   Section        0  libinit2.o(.ARM.Collect$$libinit$$0000000A)
    .ARM.Collect$$libinit$$0000000C          0x08000162   Section        0  libinit2.o(.ARM.Collect$$libinit$$0000000C)
    .ARM.Collect$$libinit$$0000000E          0x08000162   Section        0  libinit2.o(.ARM.Collect$$libinit$$0000000E)
    .ARM.Collect$$libinit$$00000011          0x08000162   Section        0  libinit2.o(.ARM.Collect$$libinit$$00000011)
    .ARM.Collect$$libinit$$00000013          0x08000162   Section        0  libinit2.o(.ARM.Collect$$libinit$$00000013)
    .ARM.Collect$$libinit$$00000015          0x08000162   Section        0  libinit2.o(.ARM.Collect$$libinit$$00000015)
    .ARM.Collect$$libinit$$00000017          0x08000162   Section        0  libinit2.o(.ARM.Collect$$libinit$$00000017)
    .ARM.Collect$$libinit$$00000019          0x08000162   Section        0  libinit2.o(.ARM.Collect$$libinit$$00000019)
    .ARM.Collect$$libinit$$0000001B          0x08000162   Section        0  libinit2.o(.ARM.Collect$$libinit$$0000001B)
    .ARM.Collect$$libinit$$0000001D          0x08000162   Section        0  libinit2.o(.ARM.Collect$$libinit$$0000001D)
    .ARM.Collect$$libinit$$0000001F          0x08000162   Section        0  libinit2.o(.ARM.Collect$$libinit$$0000001F)
    .ARM.Collect$$libinit$$00000021          0x08000162   Section        0  libinit2.o(.ARM.Collect$$libinit$$00000021)
    .ARM.Collect$$libinit$$00000023          0x08000162   Section        0  libinit2.o(.ARM.Collect$$libinit$$00000023)
    .ARM.Collect$$libinit$$00000025          0x08000162   Section        0  libinit2.o(.ARM.Collect$$libinit$$00000025)
    .ARM.Collect$$libinit$$0000002C          0x08000162   Section        0  libinit2.o(.ARM.Collect$$libinit$$0000002C)
    .ARM.Collect$$libinit$$0000002E          0x08000162   Section        0  libinit2.o(.ARM.Collect$$libinit$$0000002E)
    .ARM.Collect$$libinit$$00000030          0x08000162   Section        0  libinit2.o(.ARM.Collect$$libinit$$00000030)
    .ARM.Collect$$libinit$$00000032          0x08000162   Section        0  libinit2.o(.ARM.Collect$$libinit$$00000032)
    .ARM.Collect$$libinit$$00000033          0x08000162   Section        2  libinit2.o(.ARM.Collect$$libinit$$00000033)
    .ARM.Collect$$libshutdown$$00000000      0x08000164   Section        2  libshutdown.o(.ARM.Collect$$libshutdown$$00000000)
    .ARM.Collect$$libshutdown$$00000002      0x08000166   Section        0  libshutdown2.o(.ARM.Collect$$libshutdown$$00000002)
    .ARM.Collect$$libshutdown$$00000004      0x08000166   Section        0  libshutdown2.o(.ARM.Collect$$libshutdown$$00000004)
    .ARM.Collect$$libshutdown$$00000007      0x08000166   Section        0  libshutdown2.o(.ARM.Collect$$libshutdown$$00000007)
    .ARM.Collect$$libshutdown$$0000000A      0x08000166   Section        0  libshutdown2.o(.ARM.Collect$$libshutdown$$0000000A)
    .ARM.Collect$$libshutdown$$0000000C      0x08000166   Section        0  libshutdown2.o(.ARM.Collect$$libshutdown$$0000000C)
    .ARM.Collect$$libshutdown$$0000000F      0x08000166   Section        0  libshutdown2.o(.ARM.Collect$$libshutdown$$0000000F)
    .ARM.Collect$$libshutdown$$00000010      0x08000166   Section        2  libshutdown2.o(.ARM.Collect$$libshutdown$$00000010)
    .ARM.Collect$$rtentry$$00000000          0x08000168   Section        0  __rtentry.o(.ARM.Collect$$rtentry$$00000000)
    .ARM.Collect$$rtentry$$00000002          0x08000168   Section        0  __rtentry2.o(.ARM.Collect$$rtentry$$00000002)
    .ARM.Collect$$rtentry$$00000004          0x08000168   Section        6  __rtentry4.o(.ARM.Collect$$rtentry$$00000004)
    .ARM.Collect$$rtentry$$00000009          0x0800016e   Section        0  __rtentry2.o(.ARM.Collect$$rtentry$$00000009)
    .ARM.Collect$$rtentry$$0000000A          0x0800016e   Section        4  __rtentry2.o(.ARM.Collect$$rtentry$$0000000A)
    .ARM.Collect$$rtentry$$0000000C          0x08000172   Section        0  __rtentry2.o(.ARM.Collect$$rtentry$$0000000C)
    .ARM.Collect$$rtentry$$0000000D          0x08000172   Section        8  __rtentry2.o(.ARM.Collect$$rtentry$$0000000D)
    .ARM.Collect$$rtexit$$00000000           0x0800017a   Section        2  rtexit.o(.ARM.Collect$$rtexit$$00000000)
    .ARM.Collect$$rtexit$$00000002           0x0800017c   Section        0  rtexit2.o(.ARM.Collect$$rtexit$$00000002)
    .ARM.Collect$$rtexit$$00000003           0x0800017c   Section        4  rtexit2.o(.ARM.Collect$$rtexit$$00000003)
    .ARM.Collect$$rtexit$$00000004           0x08000180   Section        6  rtexit2.o(.ARM.Collect$$rtexit$$00000004)
    .text                                    0x08000188   Section       64  startup_stm32f103xb.o(.text)
    .text                                    0x080001c8   Section       78  rt_memclr_w.o(.text)
    .text                                    0x08000216   Section        0  heapauxi.o(.text)
    .text                                    0x0800021c   Section       74  sys_stackheap_outer.o(.text)
    .text                                    0x08000266   Section        0  exit.o(.text)
    .text                                    0x08000278   Section        8  libspace.o(.text)
    .text                                    0x08000280   Section        0  sys_exit.o(.text)
    .text                                    0x0800028c   Section        2  use_no_semi.o(.text)
    .text                                    0x0800028e   Section        0  indicate_semi.o(.text)
    i.BusFault_Handler                       0x0800028e   Section        0  stm32f1xx_it.o(i.BusFault_Handler)
    i.DMA1_Channel3_IRQHandler               0x08000290   Section        0  stm32f1xx_it.o(i.DMA1_Channel3_IRQHandler)
    i.DMA1_Channel5_IRQHandler               0x0800029c   Section        0  stm32f1xx_it.o(i.DMA1_Channel5_IRQHandler)
    i.DMA_SetConfig                          0x080002a8   Section        0  stm32f1xx_hal_dma.o(i.DMA_SetConfig)
    DMA_SetConfig                            0x080002a9   Thumb Code    42  stm32f1xx_hal_dma.o(i.DMA_SetConfig)
    i.Data_Resolve                           0x080002d4   Section        0  controller.o(i.Data_Resolve)
    i.DebugMon_Handler                       0x080003a8   Section        0  stm32f1xx_it.o(i.DebugMon_Handler)
    i.EXTI0_IRQHandler                       0x080003aa   Section        0  stm32f1xx_it.o(i.EXTI0_IRQHandler)
    i.EXTI1_IRQHandler                       0x080003b0   Section        0  stm32f1xx_it.o(i.EXTI1_IRQHandler)
    i.EXTI9_5_IRQHandler                     0x080003b6   Section        0  stm32f1xx_it.o(i.EXTI9_5_IRQHandler)
    i.Error_Handler                          0x080003c8   Section        0  main.o(i.Error_Handler)
    i.HAL_DMA_Abort                          0x080003cc   Section        0  stm32f1xx_hal_dma.o(i.HAL_DMA_Abort)
    i.HAL_DMA_Abort_IT                       0x08000414   Section        0  stm32f1xx_hal_dma.o(i.HAL_DMA_Abort_IT)
    i.HAL_DMA_GetState                       0x080004ac   Section        0  stm32f1xx_hal_dma.o(i.HAL_DMA_GetState)
    i.HAL_DMA_IRQHandler                     0x080004b4   Section        0  stm32f1xx_hal_dma.o(i.HAL_DMA_IRQHandler)
    i.HAL_DMA_Init                           0x08000608   Section        0  stm32f1xx_hal_dma.o(i.HAL_DMA_Init)
    i.HAL_DMA_Start_IT                       0x08000664   Section        0  stm32f1xx_hal_dma.o(i.HAL_DMA_Start_IT)
    i.HAL_GPIO_EXTI_Callback                 0x080006d4   Section        0  stm32f1xx_hal_gpio.o(i.HAL_GPIO_EXTI_Callback)
    i.HAL_GPIO_EXTI_IRQHandler               0x080006d8   Section        0  stm32f1xx_hal_gpio.o(i.HAL_GPIO_EXTI_IRQHandler)
    i.HAL_GPIO_Init                          0x080006f0   Section        0  stm32f1xx_hal_gpio.o(i.HAL_GPIO_Init)
    i.HAL_GPIO_WritePin                      0x080008d0   Section        0  stm32f1xx_hal_gpio.o(i.HAL_GPIO_WritePin)
    i.HAL_GetTick                            0x080008dc   Section        0  stm32f1xx_hal.o(i.HAL_GetTick)
    i.HAL_IncTick                            0x080008e8   Section        0  stm32f1xx_hal.o(i.HAL_IncTick)
    i.HAL_Init                               0x080008f8   Section        0  stm32f1xx_hal.o(i.HAL_Init)
    i.HAL_InitTick                           0x0800091c   Section        0  stm32f1xx_hal.o(i.HAL_InitTick)
    i.HAL_MspInit                            0x0800095c   Section        0  stm32f1xx_hal_msp.o(i.HAL_MspInit)
    i.HAL_NVIC_EnableIRQ                     0x08000998   Section        0  stm32f1xx_hal_cortex.o(i.HAL_NVIC_EnableIRQ)
    i.HAL_NVIC_SetPriority                   0x080009b4   Section        0  stm32f1xx_hal_cortex.o(i.HAL_NVIC_SetPriority)
    i.HAL_NVIC_SetPriorityGrouping           0x080009f4   Section        0  stm32f1xx_hal_cortex.o(i.HAL_NVIC_SetPriorityGrouping)
    i.HAL_RCC_ClockConfig                    0x08000a18   Section        0  stm32f1xx_hal_rcc.o(i.HAL_RCC_ClockConfig)
    i.HAL_RCC_GetPCLK1Freq                   0x08000b44   Section        0  stm32f1xx_hal_rcc.o(i.HAL_RCC_GetPCLK1Freq)
    i.HAL_RCC_GetPCLK2Freq                   0x08000b64   Section        0  stm32f1xx_hal_rcc.o(i.HAL_RCC_GetPCLK2Freq)
    i.HAL_RCC_GetSysClockFreq                0x08000b84   Section        0  stm32f1xx_hal_rcc.o(i.HAL_RCC_GetSysClockFreq)
    i.HAL_RCC_OscConfig                      0x08000bd0   Section        0  stm32f1xx_hal_rcc.o(i.HAL_RCC_OscConfig)
    i.HAL_SPI_ErrorCallback                  0x08000ef0   Section        0  stm32f1xx_hal_spi.o(i.HAL_SPI_ErrorCallback)
    i.HAL_SPI_Init                           0x08000ef2   Section        0  stm32f1xx_hal_spi.o(i.HAL_SPI_Init)
    i.HAL_SPI_MspInit                        0x08000fa4   Section        0  spi.o(i.HAL_SPI_MspInit)
    i.HAL_SPI_Transmit_DMA                   0x08001054   Section        0  stm32f1xx_hal_spi.o(i.HAL_SPI_Transmit_DMA)
    i.HAL_SPI_TxCpltCallback                 0x08001120   Section        0  stm32f1xx_hal_spi.o(i.HAL_SPI_TxCpltCallback)
    i.HAL_SPI_TxHalfCpltCallback             0x08001122   Section        0  stm32f1xx_hal_spi.o(i.HAL_SPI_TxHalfCpltCallback)
    i.HAL_SYSTICK_Config                     0x08001124   Section        0  stm32f1xx_hal_cortex.o(i.HAL_SYSTICK_Config)
    i.HAL_TIMEx_BreakCallback                0x0800114c   Section        0  stm32f1xx_hal_tim_ex.o(i.HAL_TIMEx_BreakCallback)
    i.HAL_TIMEx_CommutCallback               0x0800114e   Section        0  stm32f1xx_hal_tim_ex.o(i.HAL_TIMEx_CommutCallback)
    i.HAL_TIMEx_ConfigBreakDeadTime          0x08001150   Section        0  stm32f1xx_hal_tim_ex.o(i.HAL_TIMEx_ConfigBreakDeadTime)
    i.HAL_TIMEx_MasterConfigSynchronization  0x080011a4   Section        0  stm32f1xx_hal_tim_ex.o(i.HAL_TIMEx_MasterConfigSynchronization)
    i.HAL_TIM_Base_Init                      0x0800120c   Section        0  stm32f1xx_hal_tim.o(i.HAL_TIM_Base_Init)
    i.HAL_TIM_Base_MspInit                   0x08001268   Section        0  tim.o(i.HAL_TIM_Base_MspInit)
    i.HAL_TIM_Base_Start                     0x080012d4   Section        0  stm32f1xx_hal_tim.o(i.HAL_TIM_Base_Start)
    i.HAL_TIM_Base_Start_IT                  0x08001324   Section        0  stm32f1xx_hal_tim.o(i.HAL_TIM_Base_Start_IT)
    i.HAL_TIM_ConfigClockSource              0x0800137c   Section        0  stm32f1xx_hal_tim.o(i.HAL_TIM_ConfigClockSource)
    i.HAL_TIM_IC_CaptureCallback             0x08001458   Section        0  stm32f1xx_hal_tim.o(i.HAL_TIM_IC_CaptureCallback)
    i.HAL_TIM_IRQHandler                     0x0800145a   Section        0  stm32f1xx_hal_tim.o(i.HAL_TIM_IRQHandler)
    i.HAL_TIM_MspPostInit                    0x080015c0   Section        0  tim.o(i.HAL_TIM_MspPostInit)
    i.HAL_TIM_OC_DelayElapsedCallback        0x08001654   Section        0  stm32f1xx_hal_tim.o(i.HAL_TIM_OC_DelayElapsedCallback)
    i.HAL_TIM_PWM_ConfigChannel              0x08001656   Section        0  stm32f1xx_hal_tim.o(i.HAL_TIM_PWM_ConfigChannel)
    i.HAL_TIM_PWM_Init                       0x08001722   Section        0  stm32f1xx_hal_tim.o(i.HAL_TIM_PWM_Init)
    i.HAL_TIM_PWM_MspInit                    0x0800177c   Section        0  tim.o(i.HAL_TIM_PWM_MspInit)
    i.HAL_TIM_PWM_PulseFinishedCallback      0x080017a4   Section        0  stm32f1xx_hal_tim.o(i.HAL_TIM_PWM_PulseFinishedCallback)
    i.HAL_TIM_PWM_Start                      0x080017a8   Section        0  stm32f1xx_hal_tim.o(i.HAL_TIM_PWM_Start)
    i.HAL_TIM_PeriodElapsedCallback          0x08001844   Section        0  motor.o(i.HAL_TIM_PeriodElapsedCallback)
    i.HAL_TIM_TriggerCallback                0x0800189c   Section        0  stm32f1xx_hal_tim.o(i.HAL_TIM_TriggerCallback)
    i.HAL_UARTEx_RxEventCallback             0x0800189e   Section        0  stm32f1xx_hal_uart.o(i.HAL_UARTEx_RxEventCallback)
    i.HAL_UART_DMAStop                       0x080018a0   Section        0  stm32f1xx_hal_uart.o(i.HAL_UART_DMAStop)
    i.HAL_UART_ErrorCallback                 0x08001910   Section        0  stm32f1xx_hal_uart.o(i.HAL_UART_ErrorCallback)
    i.HAL_UART_IRQHandler                    0x08001914   Section        0  stm32f1xx_hal_uart.o(i.HAL_UART_IRQHandler)
    i.HAL_UART_Init                          0x08001b80   Section        0  stm32f1xx_hal_uart.o(i.HAL_UART_Init)
    i.HAL_UART_MspInit                       0x08001be4   Section        0  usart.o(i.HAL_UART_MspInit)
    i.HAL_UART_Receive_DMA                   0x08001c94   Section        0  stm32f1xx_hal_uart.o(i.HAL_UART_Receive_DMA)
    i.HAL_UART_RxCpltCallback                0x08001cb0   Section        0  stm32f1xx_hal_uart.o(i.HAL_UART_RxCpltCallback)
    i.HAL_UART_RxHalfCpltCallback            0x08001cb2   Section        0  stm32f1xx_hal_uart.o(i.HAL_UART_RxHalfCpltCallback)
    i.HAL_UART_TxCpltCallback                0x08001cb4   Section        0  stm32f1xx_hal_uart.o(i.HAL_UART_TxCpltCallback)
    i.HardFault_Handler                      0x08001cb6   Section        0  stm32f1xx_it.o(i.HardFault_Handler)
    i.MX_DMA_Init                            0x08001cb8   Section        0  dma.o(i.MX_DMA_Init)
    i.MX_GPIO_Init                           0x08001cf4   Section        0  gpio.o(i.MX_GPIO_Init)
    i.MX_SPI1_Init                           0x08001e1c   Section        0  spi.o(i.MX_SPI1_Init)
    i.MX_TIM1_Init                           0x08001e64   Section        0  tim.o(i.MX_TIM1_Init)
    i.MX_TIM2_Init                           0x08001f18   Section        0  tim.o(i.MX_TIM2_Init)
    i.MX_TIM3_Init                           0x08001fd4   Section        0  tim.o(i.MX_TIM3_Init)
    i.MX_TIM4_Init                           0x08002040   Section        0  tim.o(i.MX_TIM4_Init)
    i.MX_USART1_UART_Init                    0x080020fc   Section        0  usart.o(i.MX_USART1_UART_Init)
    i.MemManage_Handler                      0x0800214c   Section        0  stm32f1xx_it.o(i.MemManage_Handler)
    i.NMI_Handler                            0x0800214e   Section        0  stm32f1xx_it.o(i.NMI_Handler)
    i.PID_param_init                         0x08002150   Section        0  pid.o(i.PID_param_init)
    i.PendSV_Handler                         0x08002178   Section        0  stm32f1xx_it.o(i.PendSV_Handler)
    i.RGB_Reflash                            0x0800217c   Section        0  ws2812b.o(i.RGB_Reflash)
    i.RGB_Set_Color                          0x08002214   Section        0  ws2812b.o(i.RGB_Set_Color)
    i.RGB_WHITE                              0x08002234   Section        0  ws2812b.o(i.RGB_WHITE)
    i.Rc_To_chassis                          0x08002268   Section        0  controller.o(i.Rc_To_chassis)
    i.Rc_To_robotarm                         0x08002304   Section        0  controller.o(i.Rc_To_robotarm)
    i.SPI_DMAError                           0x080023a8   Section        0  stm32f1xx_hal_spi.o(i.SPI_DMAError)
    SPI_DMAError                             0x080023a9   Thumb Code    34  stm32f1xx_hal_spi.o(i.SPI_DMAError)
    i.SPI_DMAHalfTransmitCplt                0x080023ca   Section        0  stm32f1xx_hal_spi.o(i.SPI_DMAHalfTransmitCplt)
    SPI_DMAHalfTransmitCplt                  0x080023cb   Thumb Code    10  stm32f1xx_hal_spi.o(i.SPI_DMAHalfTransmitCplt)
    i.SPI_DMATransmitCplt                    0x080023d4   Section        0  stm32f1xx_hal_spi.o(i.SPI_DMATransmitCplt)
    SPI_DMATransmitCplt                      0x080023d5   Thumb Code   100  stm32f1xx_hal_spi.o(i.SPI_DMATransmitCplt)
    i.SPI_EndRxTxTransaction                 0x08002438   Section        0  stm32f1xx_hal_spi.o(i.SPI_EndRxTxTransaction)
    SPI_EndRxTxTransaction                   0x08002439   Thumb Code    32  stm32f1xx_hal_spi.o(i.SPI_EndRxTxTransaction)
    i.SPI_WaitFlagStateUntilTimeout          0x08002458   Section        0  stm32f1xx_hal_spi.o(i.SPI_WaitFlagStateUntilTimeout)
    SPI_WaitFlagStateUntilTimeout            0x08002459   Thumb Code   180  stm32f1xx_hal_spi.o(i.SPI_WaitFlagStateUntilTimeout)
    i.SVC_Handler                            0x08002510   Section        0  stm32f1xx_it.o(i.SVC_Handler)
    i.SysTick_Handler                        0x08002512   Section        0  stm32f1xx_it.o(i.SysTick_Handler)
    i.SystemClock_Config                     0x08002516   Section        0  main.o(i.SystemClock_Config)
    i.SystemInit                             0x08002574   Section        0  system_stm32f1xx.o(i.SystemInit)
    i.TIM3_IRQHandler                        0x08002578   Section        0  stm32f1xx_it.o(i.TIM3_IRQHandler)
    i.TIM_Base_SetConfig                     0x08002584   Section        0  stm32f1xx_hal_tim.o(i.TIM_Base_SetConfig)
    i.TIM_CCxChannelCmd                      0x080025f0   Section        0  stm32f1xx_hal_tim.o(i.TIM_CCxChannelCmd)
    i.TIM_ETR_SetConfig                      0x0800260a   Section        0  stm32f1xx_hal_tim.o(i.TIM_ETR_SetConfig)
    i.TIM_ITRx_SetConfig                     0x0800261e   Section        0  stm32f1xx_hal_tim.o(i.TIM_ITRx_SetConfig)
    TIM_ITRx_SetConfig                       0x0800261f   Thumb Code    16  stm32f1xx_hal_tim.o(i.TIM_ITRx_SetConfig)
    i.TIM_OC1_SetConfig                      0x08002630   Section        0  stm32f1xx_hal_tim.o(i.TIM_OC1_SetConfig)
    TIM_OC1_SetConfig                        0x08002631   Thumb Code    74  stm32f1xx_hal_tim.o(i.TIM_OC1_SetConfig)
    i.TIM_OC2_SetConfig                      0x08002680   Section        0  stm32f1xx_hal_tim.o(i.TIM_OC2_SetConfig)
    i.TIM_OC3_SetConfig                      0x080026d8   Section        0  stm32f1xx_hal_tim.o(i.TIM_OC3_SetConfig)
    TIM_OC3_SetConfig                        0x080026d9   Thumb Code    82  stm32f1xx_hal_tim.o(i.TIM_OC3_SetConfig)
    i.TIM_OC4_SetConfig                      0x08002730   Section        0  stm32f1xx_hal_tim.o(i.TIM_OC4_SetConfig)
    TIM_OC4_SetConfig                        0x08002731   Thumb Code    64  stm32f1xx_hal_tim.o(i.TIM_OC4_SetConfig)
    i.TIM_TI1_ConfigInputStage               0x08002774   Section        0  stm32f1xx_hal_tim.o(i.TIM_TI1_ConfigInputStage)
    TIM_TI1_ConfigInputStage                 0x08002775   Thumb Code    34  stm32f1xx_hal_tim.o(i.TIM_TI1_ConfigInputStage)
    i.TIM_TI2_ConfigInputStage               0x08002796   Section        0  stm32f1xx_hal_tim.o(i.TIM_TI2_ConfigInputStage)
    TIM_TI2_ConfigInputStage                 0x08002797   Thumb Code    36  stm32f1xx_hal_tim.o(i.TIM_TI2_ConfigInputStage)
    i.UART_DMAAbortOnError                   0x080027ba   Section        0  stm32f1xx_hal_uart.o(i.UART_DMAAbortOnError)
    UART_DMAAbortOnError                     0x080027bb   Thumb Code    16  stm32f1xx_hal_uart.o(i.UART_DMAAbortOnError)
    i.UART_DMAError                          0x080027ca   Section        0  stm32f1xx_hal_uart.o(i.UART_DMAError)
    UART_DMAError                            0x080027cb   Thumb Code    74  stm32f1xx_hal_uart.o(i.UART_DMAError)
    i.UART_DMAReceiveCplt                    0x08002814   Section        0  stm32f1xx_hal_uart.o(i.UART_DMAReceiveCplt)
    UART_DMAReceiveCplt                      0x08002815   Thumb Code   134  stm32f1xx_hal_uart.o(i.UART_DMAReceiveCplt)
    i.UART_DMARxHalfCplt                     0x0800289a   Section        0  stm32f1xx_hal_uart.o(i.UART_DMARxHalfCplt)
    UART_DMARxHalfCplt                       0x0800289b   Thumb Code    30  stm32f1xx_hal_uart.o(i.UART_DMARxHalfCplt)
    i.UART_EndRxTransfer                     0x080028b8   Section        0  stm32f1xx_hal_uart.o(i.UART_EndRxTransfer)
    UART_EndRxTransfer                       0x080028b9   Thumb Code    78  stm32f1xx_hal_uart.o(i.UART_EndRxTransfer)
    i.UART_EndTxTransfer                     0x08002906   Section        0  stm32f1xx_hal_uart.o(i.UART_EndTxTransfer)
    UART_EndTxTransfer                       0x08002907   Thumb Code    28  stm32f1xx_hal_uart.o(i.UART_EndTxTransfer)
    i.UART_Receive_IT                        0x08002922   Section        0  stm32f1xx_hal_uart.o(i.UART_Receive_IT)
    UART_Receive_IT                          0x08002923   Thumb Code   194  stm32f1xx_hal_uart.o(i.UART_Receive_IT)
    i.UART_SetConfig                         0x080029e4   Section        0  stm32f1xx_hal_uart.o(i.UART_SetConfig)
    UART_SetConfig                           0x080029e5   Thumb Code   178  stm32f1xx_hal_uart.o(i.UART_SetConfig)
    i.UART_Start_Receive_DMA                 0x08002a9c   Section        0  stm32f1xx_hal_uart.o(i.UART_Start_Receive_DMA)
    i.USART1_IRQHandler                      0x08002b2c   Section        0  stm32f1xx_it.o(i.USART1_IRQHandler)
    i.UsageFault_Handler                     0x08002b78   Section        0  stm32f1xx_it.o(i.UsageFault_Handler)
    i.__NVIC_SetPriority                     0x08002b7a   Section        0  stm32f1xx_hal_cortex.o(i.__NVIC_SetPriority)
    __NVIC_SetPriority                       0x08002b7b   Thumb Code    32  stm32f1xx_hal_cortex.o(i.__NVIC_SetPriority)
    i.getButtonState                         0x08002b9a   Section        0  controller.o(i.getButtonState)
    i.handle_horizondata_trans               0x08002ba4   Section        0  controller.o(i.handle_horizondata_trans)
    i.handle_robotarm_trans                  0x08002be4   Section        0  controller.o(i.handle_robotarm_trans)
    i.handle_spindata_trans                  0x08002c14   Section        0  controller.o(i.handle_spindata_trans)
    i.handle_verticaldata_trans              0x08002c58   Section        0  controller.o(i.handle_verticaldata_trans)
    i.main                                   0x08002c9c   Section        0  main.o(i.main)
    i.motor_init                             0x08002ce4   Section        0  motor.o(i.motor_init)
    i.motor_set                              0x08002d4c   Section        0  motor.o(i.motor_set)
    i.move_speedresol                        0x08002f98   Section        0  motor.o(i.move_speedresol)
    i.robot_arm_init                         0x08003008   Section        0  robot_arm.o(i.robot_arm_init)
    i.servo_1_set                            0x08003030   Section        0  robot_arm.o(i.servo_1_set)
    i.servo_2_set                            0x0800309c   Section        0  robot_arm.o(i.servo_2_set)
    i.servo_3_set                            0x08003108   Section        0  robot_arm.o(i.servo_3_set)
    x$fpl$fadd                               0x08003120   Section      196  faddsub_clz.o(x$fpl$fadd)
    _fadd1                                   0x0800312f   Thumb Code     0  faddsub_clz.o(x$fpl$fadd)
    x$fpl$fcheck1                            0x080031e4   Section       12  fcheck1.o(x$fpl$fcheck1)
    x$fpl$fdiv                               0x080031f0   Section      388  fdiv.o(x$fpl$fdiv)
    _fdiv1                                   0x080031f1   Thumb Code     0  fdiv.o(x$fpl$fdiv)
    x$fpl$ffix                               0x08003374   Section       54  ffix.o(x$fpl$ffix)
    x$fpl$ffixu                              0x080033ac   Section       62  ffixu.o(x$fpl$ffixu)
    x$fpl$fflt                               0x080033ec   Section       48  fflt_clz.o(x$fpl$fflt)
    x$fpl$ffltu                              0x0800341c   Section       38  fflt_clz.o(x$fpl$ffltu)
    x$fpl$fmul                               0x08003444   Section      258  fmul.o(x$fpl$fmul)
    x$fpl$fnaninf                            0x08003546   Section      140  fnaninf.o(x$fpl$fnaninf)
    x$fpl$fretinf                            0x080035d2   Section       10  fretinf.o(x$fpl$fretinf)
    x$fpl$frsb                               0x080035dc   Section       20  faddsub_clz.o(x$fpl$frsb)
    x$fpl$fsub                               0x080035f0   Section      234  faddsub_clz.o(x$fpl$fsub)
    _fsub1                                   0x080035ff   Thumb Code     0  faddsub_clz.o(x$fpl$fsub)
    x$fpl$retnan                             0x080036da   Section      100  retnan.o(x$fpl$retnan)
    x$fpl$scalbnf                            0x0800373e   Section       76  scalbnf.o(x$fpl$scalbnf)
    x$fpl$trapveneer                         0x0800378a   Section       48  trapv.o(x$fpl$trapveneer)
    .constdata                               0x080037ba   Section       18  stm32f1xx_hal_rcc.o(.constdata)
    x$fpl$usenofp                            0x080037ba   Section        0  usenofp.o(x$fpl$usenofp)
    aPredivFactorTable                       0x080037ba   Data           2  stm32f1xx_hal_rcc.o(.constdata)
    aPLLMULFactorTable                       0x080037bc   Data          16  stm32f1xx_hal_rcc.o(.constdata)
    .constdata                               0x080037cc   Section       16  system_stm32f1xx.o(.constdata)
    .constdata                               0x080037dc   Section        8  system_stm32f1xx.o(.constdata)
    .constdata                               0x080037e4   Section       17  ws2812b.o(.constdata)
    .data                                    0x20000000   Section       12  stm32f1xx_hal.o(.data)
    .data                                    0x2000000c   Section        4  system_stm32f1xx.o(.data)
    .data                                    0x20000010   Section        1  controller.o(.data)
    .data                                    0x20000011   Section        1  controller.o(.data)
    .data                                    0x20000014   Section       48  controller.o(.data)
    .data                                    0x20000044   Section       16  robot_arm.o(.data)
    last_temp                                0x20000044   Data           4  robot_arm.o(.data)
    last_pwmVal                              0x20000048   Data           4  robot_arm.o(.data)
    last_temp                                0x2000004c   Data           4  robot_arm.o(.data)
    last_pwmVal                              0x20000050   Data           4  robot_arm.o(.data)
    .bss                                     0x20000054   Section      156  spi.o(.bss)
    .bss                                     0x200000f0   Section      288  tim.o(.bss)
    .bss                                     0x20000210   Section      140  usart.o(.bss)
    .bss                                     0x2000029c   Section       62  controller.o(.bss)
    .bss                                     0x200002dc   Section      232  motor.o(.bss)
    .bss                                     0x200003c4   Section       12  robot_arm.o(.bss)
    .bss                                     0x200003d0   Section       33  ws2812b.o(.bss)
    RGB_BUFFER                               0x200003d0   Data          24  ws2812b.o(.bss)
    .bss                                     0x200003f4   Section       96  libspace.o(.bss)
    HEAP                                     0x20000458   Section      512  startup_stm32f103xb.o(HEAP)
    Heap_Mem                                 0x20000458   Data         512  startup_stm32f103xb.o(HEAP)
    STACK                                    0x20000658   Section     1024  startup_stm32f103xb.o(STACK)
    Stack_Mem                                0x20000658   Data        1024  startup_stm32f103xb.o(STACK)
    __initial_sp                             0x20000a58   Data           0  startup_stm32f103xb.o(STACK)

    Global Symbols

    Symbol Name                              Value     Ov Type        Size  Object(Section)

    BuildAttributes$$THM_ISAv4$P$D$K$B$S$PE$A:L22UL41UL21$X:L11$S22US41US21$IEEE1$IW$USESV6$~STKCKD$USESV7$~SHL$OSPACE$ROPI$EBA8$UX$STANDARDLIB$REQ8$PRES8$EABIv2 0x00000000   Number         0  anon$$obj.o ABSOLUTE
    __ARM_use_no_argv                        0x00000000   Number         0  main.o ABSOLUTE
    __ARM_exceptions_init                     - Undefined Weak Reference
    __alloca_initialize                       - Undefined Weak Reference
    __arm_preinit_                            - Undefined Weak Reference
    __cpp_initialize__aeabi_                  - Undefined Weak Reference
    __cxa_finalize                            - Undefined Weak Reference
    __rt_locale                               - Undefined Weak Reference
    __sigvec_lookup                           - Undefined Weak Reference
    _atexit_init                              - Undefined Weak Reference
    _call_atexit_fns                          - Undefined Weak Reference
    _clock_init                               - Undefined Weak Reference
    _fp_trap_init                             - Undefined Weak Reference
    _fp_trap_shutdown                         - Undefined Weak Reference
    _get_lc_collate                           - Undefined Weak Reference
    _get_lc_ctype                             - Undefined Weak Reference
    _get_lc_monetary                          - Undefined Weak Reference
    _get_lc_numeric                           - Undefined Weak Reference
    _get_lc_time                              - Undefined Weak Reference
    _getenv_init                              - Undefined Weak Reference
    _handle_redirection                       - Undefined Weak Reference
    _init_alloc                               - Undefined Weak Reference
    _init_user_alloc                          - Undefined Weak Reference
    _initio                                   - Undefined Weak Reference
    _rand_init                                - Undefined Weak Reference
    _signal_finish                            - Undefined Weak Reference
    _signal_init                              - Undefined Weak Reference
    _terminate_alloc                          - Undefined Weak Reference
    _terminate_user_alloc                     - Undefined Weak Reference
    _terminateio                              - Undefined Weak Reference
    __Vectors_Size                           0x000000ec   Number         0  startup_stm32f103xb.o ABSOLUTE
    __Vectors                                0x08000000   Data           4  startup_stm32f103xb.o(RESET)
    __Vectors_End                            0x080000ec   Data           0  startup_stm32f103xb.o(RESET)
    __main                                   0x080000ed   Thumb Code     8  __main.o(!!!main)
    __scatterload                            0x080000f5   Thumb Code     0  __scatter.o(!!!scatter)
    __scatterload_rt2                        0x080000f5   Thumb Code    44  __scatter.o(!!!scatter)
    __scatterload_rt2_thumb_only             0x080000f5   Thumb Code     0  __scatter.o(!!!scatter)
    __scatterload_null                       0x08000103   Thumb Code     0  __scatter.o(!!!scatter)
    __scatterload_copy                       0x08000129   Thumb Code    26  __scatter_copy.o(!!handler_copy)
    __scatterload_zeroinit                   0x08000145   Thumb Code    28  __scatter_zi.o(!!handler_zi)
    __rt_lib_init                            0x08000161   Thumb Code     0  libinit.o(.ARM.Collect$$libinit$$00000000)
    __rt_lib_init_alloca_1                   0x08000163   Thumb Code     0  libinit2.o(.ARM.Collect$$libinit$$0000002E)
    __rt_lib_init_argv_1                     0x08000163   Thumb Code     0  libinit2.o(.ARM.Collect$$libinit$$0000002C)
    __rt_lib_init_atexit_1                   0x08000163   Thumb Code     0  libinit2.o(.ARM.Collect$$libinit$$0000001B)
    __rt_lib_init_clock_1                    0x08000163   Thumb Code     0  libinit2.o(.ARM.Collect$$libinit$$00000021)
    __rt_lib_init_cpp_1                      0x08000163   Thumb Code     0  libinit2.o(.ARM.Collect$$libinit$$00000032)
    __rt_lib_init_exceptions_1               0x08000163   Thumb Code     0  libinit2.o(.ARM.Collect$$libinit$$00000030)
    __rt_lib_init_fp_1                       0x08000163   Thumb Code     0  libinit2.o(.ARM.Collect$$libinit$$00000002)
    __rt_lib_init_fp_trap_1                  0x08000163   Thumb Code     0  libinit2.o(.ARM.Collect$$libinit$$0000001F)
    __rt_lib_init_getenv_1                   0x08000163   Thumb Code     0  libinit2.o(.ARM.Collect$$libinit$$00000023)
    __rt_lib_init_heap_1                     0x08000163   Thumb Code     0  libinit2.o(.ARM.Collect$$libinit$$0000000A)
    __rt_lib_init_lc_collate_1               0x08000163   Thumb Code     0  libinit2.o(.ARM.Collect$$libinit$$00000011)
    __rt_lib_init_lc_ctype_1                 0x08000163   Thumb Code     0  libinit2.o(.ARM.Collect$$libinit$$00000013)
    __rt_lib_init_lc_monetary_1              0x08000163   Thumb Code     0  libinit2.o(.ARM.Collect$$libinit$$00000015)
    __rt_lib_init_lc_numeric_1               0x08000163   Thumb Code     0  libinit2.o(.ARM.Collect$$libinit$$00000017)
    __rt_lib_init_lc_time_1                  0x08000163   Thumb Code     0  libinit2.o(.ARM.Collect$$libinit$$00000019)
    __rt_lib_init_preinit_1                  0x08000163   Thumb Code     0  libinit2.o(.ARM.Collect$$libinit$$00000004)
    __rt_lib_init_rand_1                     0x08000163   Thumb Code     0  libinit2.o(.ARM.Collect$$libinit$$0000000E)
    __rt_lib_init_return                     0x08000163   Thumb Code     0  libinit2.o(.ARM.Collect$$libinit$$00000033)
    __rt_lib_init_signal_1                   0x08000163   Thumb Code     0  libinit2.o(.ARM.Collect$$libinit$$0000001D)
    __rt_lib_init_stdio_1                    0x08000163   Thumb Code     0  libinit2.o(.ARM.Collect$$libinit$$00000025)
    __rt_lib_init_user_alloc_1               0x08000163   Thumb Code     0  libinit2.o(.ARM.Collect$$libinit$$0000000C)
    __rt_lib_shutdown                        0x08000165   Thumb Code     0  libshutdown.o(.ARM.Collect$$libshutdown$$00000000)
    __rt_lib_shutdown_cpp_1                  0x08000167   Thumb Code     0  libshutdown2.o(.ARM.Collect$$libshutdown$$00000002)
    __rt_lib_shutdown_fp_trap_1              0x08000167   Thumb Code     0  libshutdown2.o(.ARM.Collect$$libshutdown$$00000007)
    __rt_lib_shutdown_heap_1                 0x08000167   Thumb Code     0  libshutdown2.o(.ARM.Collect$$libshutdown$$0000000F)
    __rt_lib_shutdown_return                 0x08000167   Thumb Code     0  libshutdown2.o(.ARM.Collect$$libshutdown$$00000010)
    __rt_lib_shutdown_signal_1               0x08000167   Thumb Code     0  libshutdown2.o(.ARM.Collect$$libshutdown$$0000000A)
    __rt_lib_shutdown_stdio_1                0x08000167   Thumb Code     0  libshutdown2.o(.ARM.Collect$$libshutdown$$00000004)
    __rt_lib_shutdown_user_alloc_1           0x08000167   Thumb Code     0  libshutdown2.o(.ARM.Collect$$libshutdown$$0000000C)
    __rt_entry                               0x08000169   Thumb Code     0  __rtentry.o(.ARM.Collect$$rtentry$$00000000)
    __rt_entry_presh_1                       0x08000169   Thumb Code     0  __rtentry2.o(.ARM.Collect$$rtentry$$00000002)
    __rt_entry_sh                            0x08000169   Thumb Code     0  __rtentry4.o(.ARM.Collect$$rtentry$$00000004)
    __rt_entry_li                            0x0800016f   Thumb Code     0  __rtentry2.o(.ARM.Collect$$rtentry$$0000000A)
    __rt_entry_postsh_1                      0x0800016f   Thumb Code     0  __rtentry2.o(.ARM.Collect$$rtentry$$00000009)
    __rt_entry_main                          0x08000173   Thumb Code     0  __rtentry2.o(.ARM.Collect$$rtentry$$0000000D)
    __rt_entry_postli_1                      0x08000173   Thumb Code     0  __rtentry2.o(.ARM.Collect$$rtentry$$0000000C)
    __rt_exit                                0x0800017b   Thumb Code     0  rtexit.o(.ARM.Collect$$rtexit$$00000000)
    __rt_exit_ls                             0x0800017d   Thumb Code     0  rtexit2.o(.ARM.Collect$$rtexit$$00000003)
    __rt_exit_prels_1                        0x0800017d   Thumb Code     0  rtexit2.o(.ARM.Collect$$rtexit$$00000002)
    __rt_exit_exit                           0x08000181   Thumb Code     0  rtexit2.o(.ARM.Collect$$rtexit$$00000004)
    Reset_Handler                            0x08000189   Thumb Code     8  startup_stm32f103xb.o(.text)
    ADC1_2_IRQHandler                        0x080001a3   Thumb Code     0  startup_stm32f103xb.o(.text)
    CAN1_RX1_IRQHandler                      0x080001a3   Thumb Code     0  startup_stm32f103xb.o(.text)
    CAN1_SCE_IRQHandler                      0x080001a3   Thumb Code     0  startup_stm32f103xb.o(.text)
    DMA1_Channel1_IRQHandler                 0x080001a3   Thumb Code     0  startup_stm32f103xb.o(.text)
    DMA1_Channel2_IRQHandler                 0x080001a3   Thumb Code     0  startup_stm32f103xb.o(.text)
    DMA1_Channel4_IRQHandler                 0x080001a3   Thumb Code     0  startup_stm32f103xb.o(.text)
    DMA1_Channel6_IRQHandler                 0x080001a3   Thumb Code     0  startup_stm32f103xb.o(.text)
    DMA1_Channel7_IRQHandler                 0x080001a3   Thumb Code     0  startup_stm32f103xb.o(.text)
    EXTI15_10_IRQHandler                     0x080001a3   Thumb Code     0  startup_stm32f103xb.o(.text)
    EXTI2_IRQHandler                         0x080001a3   Thumb Code     0  startup_stm32f103xb.o(.text)
    EXTI3_IRQHandler                         0x080001a3   Thumb Code     0  startup_stm32f103xb.o(.text)
    EXTI4_IRQHandler                         0x080001a3   Thumb Code     0  startup_stm32f103xb.o(.text)
    FLASH_IRQHandler                         0x080001a3   Thumb Code     0  startup_stm32f103xb.o(.text)
    I2C1_ER_IRQHandler                       0x080001a3   Thumb Code     0  startup_stm32f103xb.o(.text)
    I2C1_EV_IRQHandler                       0x080001a3   Thumb Code     0  startup_stm32f103xb.o(.text)
    I2C2_ER_IRQHandler                       0x080001a3   Thumb Code     0  startup_stm32f103xb.o(.text)
    I2C2_EV_IRQHandler                       0x080001a3   Thumb Code     0  startup_stm32f103xb.o(.text)
    PVD_IRQHandler                           0x080001a3   Thumb Code     0  startup_stm32f103xb.o(.text)
    RCC_IRQHandler                           0x080001a3   Thumb Code     0  startup_stm32f103xb.o(.text)
    RTC_Alarm_IRQHandler                     0x080001a3   Thumb Code     0  startup_stm32f103xb.o(.text)
    RTC_IRQHandler                           0x080001a3   Thumb Code     0  startup_stm32f103xb.o(.text)
    SPI1_IRQHandler                          0x080001a3   Thumb Code     0  startup_stm32f103xb.o(.text)
    SPI2_IRQHandler                          0x080001a3   Thumb Code     0  startup_stm32f103xb.o(.text)
    TAMPER_IRQHandler                        0x080001a3   Thumb Code     0  startup_stm32f103xb.o(.text)
    TIM1_BRK_IRQHandler                      0x080001a3   Thumb Code     0  startup_stm32f103xb.o(.text)
    TIM1_CC_IRQHandler                       0x080001a3   Thumb Code     0  startup_stm32f103xb.o(.text)
    TIM1_TRG_COM_IRQHandler                  0x080001a3   Thumb Code     0  startup_stm32f103xb.o(.text)
    TIM1_UP_IRQHandler                       0x080001a3   Thumb Code     0  startup_stm32f103xb.o(.text)
    TIM2_IRQHandler                          0x080001a3   Thumb Code     0  startup_stm32f103xb.o(.text)
    TIM4_IRQHandler                          0x080001a3   Thumb Code     0  startup_stm32f103xb.o(.text)
    USART2_IRQHandler                        0x080001a3   Thumb Code     0  startup_stm32f103xb.o(.text)
    USART3_IRQHandler                        0x080001a3   Thumb Code     0  startup_stm32f103xb.o(.text)
    USBWakeUp_IRQHandler                     0x080001a3   Thumb Code     0  startup_stm32f103xb.o(.text)
    USB_HP_CAN1_TX_IRQHandler                0x080001a3   Thumb Code     0  startup_stm32f103xb.o(.text)
    USB_LP_CAN1_RX0_IRQHandler               0x080001a3   Thumb Code     0  startup_stm32f103xb.o(.text)
    WWDG_IRQHandler                          0x080001a3   Thumb Code     0  startup_stm32f103xb.o(.text)
    __user_initial_stackheap                 0x080001a5   Thumb Code     0  startup_stm32f103xb.o(.text)
    __aeabi_memclr4                          0x080001c9   Thumb Code     0  rt_memclr_w.o(.text)
    __aeabi_memclr8                          0x080001c9   Thumb Code     0  rt_memclr_w.o(.text)
    __rt_memclr_w                            0x080001c9   Thumb Code    78  rt_memclr_w.o(.text)
    _memset_w                                0x080001cd   Thumb Code     0  rt_memclr_w.o(.text)
    __use_two_region_memory                  0x08000217   Thumb Code     2  heapauxi.o(.text)
    __rt_heap_escrow$2region                 0x08000219   Thumb Code     2  heapauxi.o(.text)
    __rt_heap_expand$2region                 0x0800021b   Thumb Code     2  heapauxi.o(.text)
    __user_setup_stackheap                   0x0800021d   Thumb Code    74  sys_stackheap_outer.o(.text)
    exit                                     0x08000267   Thumb Code    18  exit.o(.text)
    __user_libspace                          0x08000279   Thumb Code     8  libspace.o(.text)
    __user_perproc_libspace                  0x08000279   Thumb Code     0  libspace.o(.text)
    __user_perthread_libspace                0x08000279   Thumb Code     0  libspace.o(.text)
    _sys_exit                                0x08000281   Thumb Code     8  sys_exit.o(.text)
    __I$use$semihosting                      0x0800028d   Thumb Code     0  use_no_semi.o(.text)
    __use_no_semihosting_swi                 0x0800028d   Thumb Code     2  use_no_semi.o(.text)
    BusFault_Handler                         0x0800028f   Thumb Code     2  stm32f1xx_it.o(i.BusFault_Handler)
    __semihosting_library_function           0x0800028f   Thumb Code     0  indicate_semi.o(.text)
    DMA1_Channel3_IRQHandler                 0x08000291   Thumb Code     6  stm32f1xx_it.o(i.DMA1_Channel3_IRQHandler)
    DMA1_Channel5_IRQHandler                 0x0800029d   Thumb Code     6  stm32f1xx_it.o(i.DMA1_Channel5_IRQHandler)
    Data_Resolve                             0x080002d5   Thumb Code   202  controller.o(i.Data_Resolve)
    DebugMon_Handler                         0x080003a9   Thumb Code     2  stm32f1xx_it.o(i.DebugMon_Handler)
    EXTI0_IRQHandler                         0x080003ab   Thumb Code     6  stm32f1xx_it.o(i.EXTI0_IRQHandler)
    EXTI1_IRQHandler                         0x080003b1   Thumb Code     6  stm32f1xx_it.o(i.EXTI1_IRQHandler)
    EXTI9_5_IRQHandler                       0x080003b7   Thumb Code    18  stm32f1xx_it.o(i.EXTI9_5_IRQHandler)
    Error_Handler                            0x080003c9   Thumb Code     4  main.o(i.Error_Handler)
    HAL_DMA_Abort                            0x080003cd   Thumb Code    70  stm32f1xx_hal_dma.o(i.HAL_DMA_Abort)
    HAL_DMA_Abort_IT                         0x08000415   Thumb Code   148  stm32f1xx_hal_dma.o(i.HAL_DMA_Abort_IT)
    HAL_DMA_GetState                         0x080004ad   Thumb Code     6  stm32f1xx_hal_dma.o(i.HAL_DMA_GetState)
    HAL_DMA_IRQHandler                       0x080004b5   Thumb Code   316  stm32f1xx_hal_dma.o(i.HAL_DMA_IRQHandler)
    HAL_DMA_Init                             0x08000609   Thumb Code    84  stm32f1xx_hal_dma.o(i.HAL_DMA_Init)
    HAL_DMA_Start_IT                         0x08000665   Thumb Code   112  stm32f1xx_hal_dma.o(i.HAL_DMA_Start_IT)
    HAL_GPIO_EXTI_Callback                   0x080006d5   Thumb Code     2  stm32f1xx_hal_gpio.o(i.HAL_GPIO_EXTI_Callback)
    HAL_GPIO_EXTI_IRQHandler                 0x080006d9   Thumb Code    18  stm32f1xx_hal_gpio.o(i.HAL_GPIO_EXTI_IRQHandler)
    HAL_GPIO_Init                            0x080006f1   Thumb Code   446  stm32f1xx_hal_gpio.o(i.HAL_GPIO_Init)
    HAL_GPIO_WritePin                        0x080008d1   Thumb Code    10  stm32f1xx_hal_gpio.o(i.HAL_GPIO_WritePin)
    HAL_GetTick                              0x080008dd   Thumb Code     6  stm32f1xx_hal.o(i.HAL_GetTick)
    HAL_IncTick                              0x080008e9   Thumb Code    12  stm32f1xx_hal.o(i.HAL_IncTick)
    HAL_Init                                 0x080008f9   Thumb Code    32  stm32f1xx_hal.o(i.HAL_Init)
    HAL_InitTick                             0x0800091d   Thumb Code    54  stm32f1xx_hal.o(i.HAL_InitTick)
    HAL_MspInit                              0x0800095d   Thumb Code    52  stm32f1xx_hal_msp.o(i.HAL_MspInit)
    HAL_NVIC_EnableIRQ                       0x08000999   Thumb Code    26  stm32f1xx_hal_cortex.o(i.HAL_NVIC_EnableIRQ)
    HAL_NVIC_SetPriority                     0x080009b5   Thumb Code    60  stm32f1xx_hal_cortex.o(i.HAL_NVIC_SetPriority)
    HAL_NVIC_SetPriorityGrouping             0x080009f5   Thumb Code    26  stm32f1xx_hal_cortex.o(i.HAL_NVIC_SetPriorityGrouping)
    HAL_RCC_ClockConfig                      0x08000a19   Thumb Code   280  stm32f1xx_hal_rcc.o(i.HAL_RCC_ClockConfig)
    HAL_RCC_GetPCLK1Freq                     0x08000b45   Thumb Code    20  stm32f1xx_hal_rcc.o(i.HAL_RCC_GetPCLK1Freq)
    HAL_RCC_GetPCLK2Freq                     0x08000b65   Thumb Code    20  stm32f1xx_hal_rcc.o(i.HAL_RCC_GetPCLK2Freq)
    HAL_RCC_GetSysClockFreq                  0x08000b85   Thumb Code    58  stm32f1xx_hal_rcc.o(i.HAL_RCC_GetSysClockFreq)
    HAL_RCC_OscConfig                        0x08000bd1   Thumb Code   778  stm32f1xx_hal_rcc.o(i.HAL_RCC_OscConfig)
    HAL_SPI_ErrorCallback                    0x08000ef1   Thumb Code     2  stm32f1xx_hal_spi.o(i.HAL_SPI_ErrorCallback)
    HAL_SPI_Init                             0x08000ef3   Thumb Code   178  stm32f1xx_hal_spi.o(i.HAL_SPI_Init)
    HAL_SPI_MspInit                          0x08000fa5   Thumb Code   152  spi.o(i.HAL_SPI_MspInit)
    HAL_SPI_Transmit_DMA                     0x08001055   Thumb Code   192  stm32f1xx_hal_spi.o(i.HAL_SPI_Transmit_DMA)
    HAL_SPI_TxCpltCallback                   0x08001121   Thumb Code     2  stm32f1xx_hal_spi.o(i.HAL_SPI_TxCpltCallback)
    HAL_SPI_TxHalfCpltCallback               0x08001123   Thumb Code     2  stm32f1xx_hal_spi.o(i.HAL_SPI_TxHalfCpltCallback)
    HAL_SYSTICK_Config                       0x08001125   Thumb Code    40  stm32f1xx_hal_cortex.o(i.HAL_SYSTICK_Config)
    HAL_TIMEx_BreakCallback                  0x0800114d   Thumb Code     2  stm32f1xx_hal_tim_ex.o(i.HAL_TIMEx_BreakCallback)
    HAL_TIMEx_CommutCallback                 0x0800114f   Thumb Code     2  stm32f1xx_hal_tim_ex.o(i.HAL_TIMEx_CommutCallback)
    HAL_TIMEx_ConfigBreakDeadTime            0x08001151   Thumb Code    84  stm32f1xx_hal_tim_ex.o(i.HAL_TIMEx_ConfigBreakDeadTime)
    HAL_TIMEx_MasterConfigSynchronization    0x080011a5   Thumb Code    92  stm32f1xx_hal_tim_ex.o(i.HAL_TIMEx_MasterConfigSynchronization)
    HAL_TIM_Base_Init                        0x0800120d   Thumb Code    90  stm32f1xx_hal_tim.o(i.HAL_TIM_Base_Init)
    HAL_TIM_Base_MspInit                     0x08001269   Thumb Code    94  tim.o(i.HAL_TIM_Base_MspInit)
    HAL_TIM_Base_Start                       0x080012d5   Thumb Code    66  stm32f1xx_hal_tim.o(i.HAL_TIM_Base_Start)
    HAL_TIM_Base_Start_IT                    0x08001325   Thumb Code    76  stm32f1xx_hal_tim.o(i.HAL_TIM_Base_Start_IT)
    HAL_TIM_ConfigClockSource                0x0800137d   Thumb Code   220  stm32f1xx_hal_tim.o(i.HAL_TIM_ConfigClockSource)
    HAL_TIM_IC_CaptureCallback               0x08001459   Thumb Code     2  stm32f1xx_hal_tim.o(i.HAL_TIM_IC_CaptureCallback)
    HAL_TIM_IRQHandler                       0x0800145b   Thumb Code   358  stm32f1xx_hal_tim.o(i.HAL_TIM_IRQHandler)
    HAL_TIM_MspPostInit                      0x080015c1   Thumb Code   128  tim.o(i.HAL_TIM_MspPostInit)
    HAL_TIM_OC_DelayElapsedCallback          0x08001655   Thumb Code     2  stm32f1xx_hal_tim.o(i.HAL_TIM_OC_DelayElapsedCallback)
    HAL_TIM_PWM_ConfigChannel                0x08001657   Thumb Code   204  stm32f1xx_hal_tim.o(i.HAL_TIM_PWM_ConfigChannel)
    HAL_TIM_PWM_Init                         0x08001723   Thumb Code    90  stm32f1xx_hal_tim.o(i.HAL_TIM_PWM_Init)
    HAL_TIM_PWM_MspInit                      0x0800177d   Thumb Code    30  tim.o(i.HAL_TIM_PWM_MspInit)
    HAL_TIM_PWM_PulseFinishedCallback        0x080017a5   Thumb Code     2  stm32f1xx_hal_tim.o(i.HAL_TIM_PWM_PulseFinishedCallback)
    HAL_TIM_PWM_Start                        0x080017a9   Thumb Code   144  stm32f1xx_hal_tim.o(i.HAL_TIM_PWM_Start)
    HAL_TIM_PeriodElapsedCallback            0x08001845   Thumb Code    62  motor.o(i.HAL_TIM_PeriodElapsedCallback)
    HAL_TIM_TriggerCallback                  0x0800189d   Thumb Code     2  stm32f1xx_hal_tim.o(i.HAL_TIM_TriggerCallback)
    HAL_UARTEx_RxEventCallback               0x0800189f   Thumb Code     2  stm32f1xx_hal_uart.o(i.HAL_UARTEx_RxEventCallback)
    HAL_UART_DMAStop                         0x080018a1   Thumb Code   112  stm32f1xx_hal_uart.o(i.HAL_UART_DMAStop)
    HAL_UART_ErrorCallback                   0x08001911   Thumb Code     2  stm32f1xx_hal_uart.o(i.HAL_UART_ErrorCallback)
    HAL_UART_IRQHandler                      0x08001915   Thumb Code   616  stm32f1xx_hal_uart.o(i.HAL_UART_IRQHandler)
    HAL_UART_Init                            0x08001b81   Thumb Code   100  stm32f1xx_hal_uart.o(i.HAL_UART_Init)
    HAL_UART_MspInit                         0x08001be5   Thumb Code   156  usart.o(i.HAL_UART_MspInit)
    HAL_UART_Receive_DMA                     0x08001c95   Thumb Code    28  stm32f1xx_hal_uart.o(i.HAL_UART_Receive_DMA)
    HAL_UART_RxCpltCallback                  0x08001cb1   Thumb Code     2  stm32f1xx_hal_uart.o(i.HAL_UART_RxCpltCallback)
    HAL_UART_RxHalfCpltCallback              0x08001cb3   Thumb Code     2  stm32f1xx_hal_uart.o(i.HAL_UART_RxHalfCpltCallback)
    HAL_UART_TxCpltCallback                  0x08001cb5   Thumb Code     2  stm32f1xx_hal_uart.o(i.HAL_UART_TxCpltCallback)
    HardFault_Handler                        0x08001cb7   Thumb Code     2  stm32f1xx_it.o(i.HardFault_Handler)
    MX_DMA_Init                              0x08001cb9   Thumb Code    56  dma.o(i.MX_DMA_Init)
    MX_GPIO_Init                             0x08001cf5   Thumb Code   274  gpio.o(i.MX_GPIO_Init)
    MX_SPI1_Init                             0x08001e1d   Thumb Code    64  spi.o(i.MX_SPI1_Init)
    MX_TIM1_Init                             0x08001e65   Thumb Code   170  tim.o(i.MX_TIM1_Init)
    MX_TIM2_Init                             0x08001f19   Thumb Code   182  tim.o(i.MX_TIM2_Init)
    MX_TIM3_Init                             0x08001fd5   Thumb Code    98  tim.o(i.MX_TIM3_Init)
    MX_TIM4_Init                             0x08002041   Thumb Code   178  tim.o(i.MX_TIM4_Init)
    MX_USART1_UART_Init                      0x080020fd   Thumb Code    66  usart.o(i.MX_USART1_UART_Init)
    MemManage_Handler                        0x0800214d   Thumb Code     2  stm32f1xx_it.o(i.MemManage_Handler)
    NMI_Handler                              0x0800214f   Thumb Code     2  stm32f1xx_it.o(i.NMI_Handler)
    PID_param_init                           0x08002151   Thumb Code    30  pid.o(i.PID_param_init)
    PendSV_Handler                           0x08002179   Thumb Code     2  stm32f1xx_it.o(i.PendSV_Handler)
    RGB_Reflash                              0x0800217d   Thumb Code   134  ws2812b.o(i.RGB_Reflash)
    RGB_Set_Color                            0x08002215   Thumb Code    26  ws2812b.o(i.RGB_Set_Color)
    RGB_WHITE                                0x08002235   Thumb Code    48  ws2812b.o(i.RGB_WHITE)
    Rc_To_chassis                            0x08002269   Thumb Code   142  controller.o(i.Rc_To_chassis)
    Rc_To_robotarm                           0x08002305   Thumb Code   150  controller.o(i.Rc_To_robotarm)
    SVC_Handler                              0x08002511   Thumb Code     2  stm32f1xx_it.o(i.SVC_Handler)
    SysTick_Handler                          0x08002513   Thumb Code     4  stm32f1xx_it.o(i.SysTick_Handler)
    SystemClock_Config                       0x08002517   Thumb Code    94  main.o(i.SystemClock_Config)
    SystemInit                               0x08002575   Thumb Code     2  system_stm32f1xx.o(i.SystemInit)
    TIM3_IRQHandler                          0x08002579   Thumb Code     6  stm32f1xx_it.o(i.TIM3_IRQHandler)
    TIM_Base_SetConfig                       0x08002585   Thumb Code    94  stm32f1xx_hal_tim.o(i.TIM_Base_SetConfig)
    TIM_CCxChannelCmd                        0x080025f1   Thumb Code    26  stm32f1xx_hal_tim.o(i.TIM_CCxChannelCmd)
    TIM_ETR_SetConfig                        0x0800260b   Thumb Code    20  stm32f1xx_hal_tim.o(i.TIM_ETR_SetConfig)
    TIM_OC2_SetConfig                        0x08002681   Thumb Code    84  stm32f1xx_hal_tim.o(i.TIM_OC2_SetConfig)
    UART_Start_Receive_DMA                   0x08002a9d   Thumb Code   130  stm32f1xx_hal_uart.o(i.UART_Start_Receive_DMA)
    USART1_IRQHandler                        0x08002b2d   Thumb Code    58  stm32f1xx_it.o(i.USART1_IRQHandler)
    UsageFault_Handler                       0x08002b79   Thumb Code     2  stm32f1xx_it.o(i.UsageFault_Handler)
    getButtonState                           0x08002b9b   Thumb Code     8  controller.o(i.getButtonState)
    handle_horizondata_trans                 0x08002ba5   Thumb Code    56  controller.o(i.handle_horizondata_trans)
    handle_robotarm_trans                    0x08002be5   Thumb Code    34  controller.o(i.handle_robotarm_trans)
    handle_spindata_trans                    0x08002c15   Thumb Code    58  controller.o(i.handle_spindata_trans)
    handle_verticaldata_trans                0x08002c59   Thumb Code    58  controller.o(i.handle_verticaldata_trans)
    main                                     0x08002c9d   Thumb Code    68  main.o(i.main)
    motor_init                               0x08002ce5   Thumb Code    92  motor.o(i.motor_init)
    motor_set                                0x08002d4d   Thumb Code   554  motor.o(i.motor_set)
    move_speedresol                          0x08002f99   Thumb Code   104  motor.o(i.move_speedresol)
    robot_arm_init                           0x08003009   Thumb Code    36  robot_arm.o(i.robot_arm_init)
    servo_1_set                              0x08003031   Thumb Code    82  robot_arm.o(i.servo_1_set)
    servo_2_set                              0x0800309d   Thumb Code    82  robot_arm.o(i.servo_2_set)
    servo_3_set                              0x08003109   Thumb Code    20  robot_arm.o(i.servo_3_set)
    __aeabi_fadd                             0x08003121   Thumb Code     0  faddsub_clz.o(x$fpl$fadd)
    _fadd                                    0x08003121   Thumb Code   196  faddsub_clz.o(x$fpl$fadd)
    __fpl_fcheck_NaN1                        0x080031e5   Thumb Code     6  fcheck1.o(x$fpl$fcheck1)
    __aeabi_fdiv                             0x080031f1   Thumb Code     0  fdiv.o(x$fpl$fdiv)
    _fdiv                                    0x080031f1   Thumb Code   384  fdiv.o(x$fpl$fdiv)
    __aeabi_f2iz                             0x08003375   Thumb Code     0  ffix.o(x$fpl$ffix)
    _ffix                                    0x08003375   Thumb Code    54  ffix.o(x$fpl$ffix)
    __aeabi_f2uiz                            0x080033ad   Thumb Code     0  ffixu.o(x$fpl$ffixu)
    _ffixu                                   0x080033ad   Thumb Code    62  ffixu.o(x$fpl$ffixu)
    __aeabi_i2f                              0x080033ed   Thumb Code     0  fflt_clz.o(x$fpl$fflt)
    _fflt                                    0x080033ed   Thumb Code    48  fflt_clz.o(x$fpl$fflt)
    __aeabi_ui2f                             0x0800341d   Thumb Code     0  fflt_clz.o(x$fpl$ffltu)
    _ffltu                                   0x0800341d   Thumb Code    38  fflt_clz.o(x$fpl$ffltu)
    __aeabi_fmul                             0x08003445   Thumb Code     0  fmul.o(x$fpl$fmul)
    _fmul                                    0x08003445   Thumb Code   258  fmul.o(x$fpl$fmul)
    __fpl_fnaninf                            0x08003547   Thumb Code   140  fnaninf.o(x$fpl$fnaninf)
    __fpl_fretinf                            0x080035d3   Thumb Code    10  fretinf.o(x$fpl$fretinf)
    __aeabi_frsub                            0x080035dd   Thumb Code     0  faddsub_clz.o(x$fpl$frsb)
    _frsb                                    0x080035dd   Thumb Code    20  faddsub_clz.o(x$fpl$frsb)
    __aeabi_fsub                             0x080035f1   Thumb Code     0  faddsub_clz.o(x$fpl$fsub)
    _fsub                                    0x080035f1   Thumb Code   234  faddsub_clz.o(x$fpl$fsub)
    __fpl_return_NaN                         0x080036db   Thumb Code   100  retnan.o(x$fpl$retnan)
    __ARM_scalbnf                            0x0800373f   Thumb Code    76  scalbnf.o(x$fpl$scalbnf)
    __fpl_cmpreturn                          0x0800378b   Thumb Code    48  trapv.o(x$fpl$trapveneer)
    __I$use$fp                               0x080037ba   Number         0  usenofp.o(x$fpl$usenofp)
    AHBPrescTable                            0x080037cc   Data          16  system_stm32f1xx.o(.constdata)
    APBPrescTable                            0x080037dc   Data           8  system_stm32f1xx.o(.constdata)
    code                                     0x080037e4   Data           2  ws2812b.o(.constdata)
    RED                                      0x080037e6   Data           3  ws2812b.o(.constdata)
    GREEN                                    0x080037e9   Data           3  ws2812b.o(.constdata)
    BLUE                                     0x080037ec   Data           3  ws2812b.o(.constdata)
    YELLOW                                   0x080037ef   Data           3  ws2812b.o(.constdata)
    WHITE                                    0x080037f2   Data           3  ws2812b.o(.constdata)
    Region$$Table$$Base                      0x080037f8   Number         0  anon$$obj.o(Region$$Table)
    Region$$Table$$Limit                     0x08003818   Number         0  anon$$obj.o(Region$$Table)
    uwTickFreq                               0x20000000   Data           1  stm32f1xx_hal.o(.data)
    uwTickPrio                               0x20000004   Data           4  stm32f1xx_hal.o(.data)
    uwTick                                   0x20000008   Data           4  stm32f1xx_hal.o(.data)
    SystemCoreClock                          0x2000000c   Data           4  system_stm32f1xx.o(.data)
    rx_len                                   0x20000010   Data           1  controller.o(.data)
    recv_end_flag                            0x20000011   Data           1  controller.o(.data)
    err                                      0x20000014   Data           1  controller.o(.data)
    a                                        0x20000018   Data           4  controller.o(.data)
    see_b                                    0x2000001c   Data           4  controller.o(.data)
    see_a                                    0x20000020   Data           4  controller.o(.data)
    stop                                     0x20000024   Data           4  controller.o(.data)
    start                                    0x20000028   Data           4  controller.o(.data)
    stop_1                                   0x2000002c   Data           4  controller.o(.data)
    start_1                                  0x20000030   Data           4  controller.o(.data)
    see_L                                    0x20000034   Data           4  controller.o(.data)
    see_H                                    0x20000038   Data           4  controller.o(.data)
    see_zi                                   0x2000003c   Data           4  controller.o(.data)
    see_arm                                  0x20000040   Data           4  controller.o(.data)
    hspi1                                    0x20000054   Data          88  spi.o(.bss)
    hdma_spi1_tx                             0x200000ac   Data          68  spi.o(.bss)
    htim1                                    0x200000f0   Data          72  tim.o(.bss)
    htim2                                    0x20000138   Data          72  tim.o(.bss)
    htim3                                    0x20000180   Data          72  tim.o(.bss)
    htim4                                    0x200001c8   Data          72  tim.o(.bss)
    huart1                                   0x20000210   Data          72  usart.o(.bss)
    hdma_usart1_rx                           0x20000258   Data          68  usart.o(.bss)
    xbox_t                                   0x2000029c   Data          26  controller.o(.bss)
    rx_buffer                                0x200002b6   Data          36  controller.o(.bss)
    motor                                    0x200002dc   Data         112  motor.o(.bss)
    pid                                      0x2000034c   Data         120  motor.o(.bss)
    servo                                    0x200003c4   Data          12  robot_arm.o(.bss)
    RGB_DAT                                  0x200003e8   Data           9  ws2812b.o(.bss)
    __libspace_start                         0x200003f4   Data          96  libspace.o(.bss)
    __temporary_stack_top$libspace           0x20000454   Data           0  libspace.o(.bss)



==============================================================================

Memory Map of the image

  Image Entry point : 0x080000ed

  Load Region LR_IROM1 (Base: 0x08000000, Size: 0x0000386c, Max: 0x00010000, ABSOLUTE)

    Execution Region ER_IROM1 (Base: 0x08000000, Size: 0x00003818, Max: 0x00010000, ABSOLUTE)

    Base Addr    Size         Type   Attr      Idx    E Section Name        Object

    0x08000000   0x000000ec   Data   RO            3    RESET               startup_stm32f103xb.o
    0x080000ec   0x00000008   Code   RO         3536  * !!!main             c_w.l(__main.o)
    0x080000f4   0x00000034   Code   RO         3732    !!!scatter          c_w.l(__scatter.o)
    0x08000128   0x0000001a   Code   RO         3734    !!handler_copy      c_w.l(__scatter_copy.o)
    0x08000142   0x00000002   PAD
    0x08000144   0x0000001c   Code   RO         3736    !!handler_zi        c_w.l(__scatter_zi.o)
    0x08000160   0x00000002   Code   RO         3600    .ARM.Collect$$libinit$$00000000  c_w.l(libinit.o)
    0x08000162   0x00000000   Code   RO         3609    .ARM.Collect$$libinit$$00000002  c_w.l(libinit2.o)
    0x08000162   0x00000000   Code   RO         3611    .ARM.Collect$$libinit$$00000004  c_w.l(libinit2.o)
    0x08000162   0x00000000   Code   RO         3614    .ARM.Collect$$libinit$$0000000A  c_w.l(libinit2.o)
    0x08000162   0x00000000   Code   RO         3616    .ARM.Collect$$libinit$$0000000C  c_w.l(libinit2.o)
    0x08000162   0x00000000   Code   RO         3618    .ARM.Collect$$libinit$$0000000E  c_w.l(libinit2.o)
    0x08000162   0x00000000   Code   RO         3621    .ARM.Collect$$libinit$$00000011  c_w.l(libinit2.o)
    0x08000162   0x00000000   Code   RO         3623    .ARM.Collect$$libinit$$00000013  c_w.l(libinit2.o)
    0x08000162   0x00000000   Code   RO         3625    .ARM.Collect$$libinit$$00000015  c_w.l(libinit2.o)
    0x08000162   0x00000000   Code   RO         3627    .ARM.Collect$$libinit$$00000017  c_w.l(libinit2.o)
    0x08000162   0x00000000   Code   RO         3629    .ARM.Collect$$libinit$$00000019  c_w.l(libinit2.o)
    0x08000162   0x00000000   Code   RO         3631    .ARM.Collect$$libinit$$0000001B  c_w.l(libinit2.o)
    0x08000162   0x00000000   Code   RO         3633    .ARM.Collect$$libinit$$0000001D  c_w.l(libinit2.o)
    0x08000162   0x00000000   Code   RO         3635    .ARM.Collect$$libinit$$0000001F  c_w.l(libinit2.o)
    0x08000162   0x00000000   Code   RO         3637    .ARM.Collect$$libinit$$00000021  c_w.l(libinit2.o)
    0x08000162   0x00000000   Code   RO         3639    .ARM.Collect$$libinit$$00000023  c_w.l(libinit2.o)
    0x08000162   0x00000000   Code   RO         3641    .ARM.Collect$$libinit$$00000025  c_w.l(libinit2.o)
    0x08000162   0x00000000   Code   RO         3645    .ARM.Collect$$libinit$$0000002C  c_w.l(libinit2.o)
    0x08000162   0x00000000   Code   RO         3647    .ARM.Collect$$libinit$$0000002E  c_w.l(libinit2.o)
    0x08000162   0x00000000   Code   RO         3649    .ARM.Collect$$libinit$$00000030  c_w.l(libinit2.o)
    0x08000162   0x00000000   Code   RO         3651    .ARM.Collect$$libinit$$00000032  c_w.l(libinit2.o)
    0x08000162   0x00000002   Code   RO         3652    .ARM.Collect$$libinit$$00000033  c_w.l(libinit2.o)
    0x08000164   0x00000002   Code   RO         3672    .ARM.Collect$$libshutdown$$00000000  c_w.l(libshutdown.o)
    0x08000166   0x00000000   Code   RO         3685    .ARM.Collect$$libshutdown$$00000002  c_w.l(libshutdown2.o)
    0x08000166   0x00000000   Code   RO         3687    .ARM.Collect$$libshutdown$$00000004  c_w.l(libshutdown2.o)
    0x08000166   0x00000000   Code   RO         3690    .ARM.Collect$$libshutdown$$00000007  c_w.l(libshutdown2.o)
    0x08000166   0x00000000   Code   RO         3693    .ARM.Collect$$libshutdown$$0000000A  c_w.l(libshutdown2.o)
    0x08000166   0x00000000   Code   RO         3695    .ARM.Collect$$libshutdown$$0000000C  c_w.l(libshutdown2.o)
    0x08000166   0x00000000   Code   RO         3698    .ARM.Collect$$libshutdown$$0000000F  c_w.l(libshutdown2.o)
    0x08000166   0x00000002   Code   RO         3699    .ARM.Collect$$libshutdown$$00000010  c_w.l(libshutdown2.o)
    0x08000168   0x00000000   Code   RO         3566    .ARM.Collect$$rtentry$$00000000  c_w.l(__rtentry.o)
    0x08000168   0x00000000   Code   RO         3575    .ARM.Collect$$rtentry$$00000002  c_w.l(__rtentry2.o)
    0x08000168   0x00000006   Code   RO         3587    .ARM.Collect$$rtentry$$00000004  c_w.l(__rtentry4.o)
    0x0800016e   0x00000000   Code   RO         3577    .ARM.Collect$$rtentry$$00000009  c_w.l(__rtentry2.o)
    0x0800016e   0x00000004   Code   RO         3578    .ARM.Collect$$rtentry$$0000000A  c_w.l(__rtentry2.o)
    0x08000172   0x00000000   Code   RO         3580    .ARM.Collect$$rtentry$$0000000C  c_w.l(__rtentry2.o)
    0x08000172   0x00000008   Code   RO         3581    .ARM.Collect$$rtentry$$0000000D  c_w.l(__rtentry2.o)
    0x0800017a   0x00000002   Code   RO         3606    .ARM.Collect$$rtexit$$00000000  c_w.l(rtexit.o)
    0x0800017c   0x00000000   Code   RO         3654    .ARM.Collect$$rtexit$$00000002  c_w.l(rtexit2.o)
    0x0800017c   0x00000004   Code   RO         3655    .ARM.Collect$$rtexit$$00000003  c_w.l(rtexit2.o)
    0x08000180   0x00000006   Code   RO         3656    .ARM.Collect$$rtexit$$00000004  c_w.l(rtexit2.o)
    0x08000186   0x00000002   PAD
    0x08000188   0x00000040   Code   RO            4    .text               startup_stm32f103xb.o
    0x080001c8   0x0000004e   Code   RO         3532    .text               c_w.l(rt_memclr_w.o)
    0x08000216   0x00000006   Code   RO         3534    .text               c_w.l(heapauxi.o)
    0x0800021c   0x0000004a   Code   RO         3591    .text               c_w.l(sys_stackheap_outer.o)
    0x08000266   0x00000012   Code   RO         3593    .text               c_w.l(exit.o)
    0x08000278   0x00000008   Code   RO         3603    .text               c_w.l(libspace.o)
    0x08000280   0x0000000c   Code   RO         3664    .text               c_w.l(sys_exit.o)
    0x0800028c   0x00000002   Code   RO         3675    .text               c_w.l(use_no_semi.o)
    0x0800028e   0x00000000   Code   RO         3677    .text               c_w.l(indicate_semi.o)
    0x0800028e   0x00000002   Code   RO          389    i.BusFault_Handler  stm32f1xx_it.o
    0x08000290   0x0000000c   Code   RO          390    i.DMA1_Channel3_IRQHandler  stm32f1xx_it.o
    0x0800029c   0x0000000c   Code   RO          391    i.DMA1_Channel5_IRQHandler  stm32f1xx_it.o
    0x080002a8   0x0000002a   Code   RO         1269    i.DMA_SetConfig     stm32f1xx_hal_dma.o
    0x080002d2   0x00000002   PAD
    0x080002d4   0x000000d4   Code   RO         3240    i.Data_Resolve      controller.o
    0x080003a8   0x00000002   Code   RO          392    i.DebugMon_Handler  stm32f1xx_it.o
    0x080003aa   0x00000006   Code   RO          393    i.EXTI0_IRQHandler  stm32f1xx_it.o
    0x080003b0   0x00000006   Code   RO          394    i.EXTI1_IRQHandler  stm32f1xx_it.o
    0x080003b6   0x00000012   Code   RO          395    i.EXTI9_5_IRQHandler  stm32f1xx_it.o
    0x080003c8   0x00000004   Code   RO           13    i.Error_Handler     main.o
    0x080003cc   0x00000046   Code   RO         1270    i.HAL_DMA_Abort     stm32f1xx_hal_dma.o
    0x08000412   0x00000002   PAD
    0x08000414   0x00000098   Code   RO         1271    i.HAL_DMA_Abort_IT  stm32f1xx_hal_dma.o
    0x080004ac   0x00000006   Code   RO         1274    i.HAL_DMA_GetState  stm32f1xx_hal_dma.o
    0x080004b2   0x00000002   PAD
    0x080004b4   0x00000154   Code   RO         1275    i.HAL_DMA_IRQHandler  stm32f1xx_hal_dma.o
    0x08000608   0x0000005c   Code   RO         1276    i.HAL_DMA_Init      stm32f1xx_hal_dma.o
    0x08000664   0x00000070   Code   RO         1280    i.HAL_DMA_Start_IT  stm32f1xx_hal_dma.o
    0x080006d4   0x00000002   Code   RO         1204    i.HAL_GPIO_EXTI_Callback  stm32f1xx_hal_gpio.o
    0x080006d6   0x00000002   PAD
    0x080006d8   0x00000018   Code   RO         1205    i.HAL_GPIO_EXTI_IRQHandler  stm32f1xx_hal_gpio.o
    0x080006f0   0x000001e0   Code   RO         1206    i.HAL_GPIO_Init     stm32f1xx_hal_gpio.o
    0x080008d0   0x0000000a   Code   RO         1210    i.HAL_GPIO_WritePin  stm32f1xx_hal_gpio.o
    0x080008da   0x00000002   PAD
    0x080008dc   0x0000000c   Code   RO          900    i.HAL_GetTick       stm32f1xx_hal.o
    0x080008e8   0x00000010   Code   RO          906    i.HAL_IncTick       stm32f1xx_hal.o
    0x080008f8   0x00000024   Code   RO          907    i.HAL_Init          stm32f1xx_hal.o
    0x0800091c   0x00000040   Code   RO          908    i.HAL_InitTick      stm32f1xx_hal.o
    0x0800095c   0x0000003c   Code   RO          507    i.HAL_MspInit       stm32f1xx_hal_msp.o
    0x08000998   0x0000001a   Code   RO         1366    i.HAL_NVIC_EnableIRQ  stm32f1xx_hal_cortex.o
    0x080009b2   0x00000002   PAD
    0x080009b4   0x00000040   Code   RO         1372    i.HAL_NVIC_SetPriority  stm32f1xx_hal_cortex.o
    0x080009f4   0x00000024   Code   RO         1373    i.HAL_NVIC_SetPriorityGrouping  stm32f1xx_hal_cortex.o
    0x08000a18   0x0000012c   Code   RO         1064    i.HAL_RCC_ClockConfig  stm32f1xx_hal_rcc.o
    0x08000b44   0x00000020   Code   RO         1071    i.HAL_RCC_GetPCLK1Freq  stm32f1xx_hal_rcc.o
    0x08000b64   0x00000020   Code   RO         1072    i.HAL_RCC_GetPCLK2Freq  stm32f1xx_hal_rcc.o
    0x08000b84   0x0000004c   Code   RO         1073    i.HAL_RCC_GetSysClockFreq  stm32f1xx_hal_rcc.o
    0x08000bd0   0x00000320   Code   RO         1076    i.HAL_RCC_OscConfig  stm32f1xx_hal_rcc.o
    0x08000ef0   0x00000002   Code   RO          574    i.HAL_SPI_ErrorCallback  stm32f1xx_hal_spi.o
    0x08000ef2   0x000000b2   Code   RO          578    i.HAL_SPI_Init      stm32f1xx_hal_spi.o
    0x08000fa4   0x000000b0   Code   RO          228    i.HAL_SPI_MspInit   spi.o
    0x08001054   0x000000cc   Code   RO          590    i.HAL_SPI_Transmit_DMA  stm32f1xx_hal_spi.o
    0x08001120   0x00000002   Code   RO          592    i.HAL_SPI_TxCpltCallback  stm32f1xx_hal_spi.o
    0x08001122   0x00000002   Code   RO          593    i.HAL_SPI_TxHalfCpltCallback  stm32f1xx_hal_spi.o
    0x08001124   0x00000028   Code   RO         1377    i.HAL_SYSTICK_Config  stm32f1xx_hal_cortex.o
    0x0800114c   0x00000002   Code   RO         2572    i.HAL_TIMEx_BreakCallback  stm32f1xx_hal_tim_ex.o
    0x0800114e   0x00000002   Code   RO         2573    i.HAL_TIMEx_CommutCallback  stm32f1xx_hal_tim_ex.o
    0x08001150   0x00000054   Code   RO         2575    i.HAL_TIMEx_ConfigBreakDeadTime  stm32f1xx_hal_tim_ex.o
    0x080011a4   0x00000068   Code   RO         2591    i.HAL_TIMEx_MasterConfigSynchronization  stm32f1xx_hal_tim_ex.o
    0x0800120c   0x0000005a   Code   RO         1868    i.HAL_TIM_Base_Init  stm32f1xx_hal_tim.o
    0x08001266   0x00000002   PAD
    0x08001268   0x0000006c   Code   RO          270    i.HAL_TIM_Base_MspInit  tim.o
    0x080012d4   0x00000050   Code   RO         1871    i.HAL_TIM_Base_Start  stm32f1xx_hal_tim.o
    0x08001324   0x00000058   Code   RO         1873    i.HAL_TIM_Base_Start_IT  stm32f1xx_hal_tim.o
    0x0800137c   0x000000dc   Code   RO         1877    i.HAL_TIM_ConfigClockSource  stm32f1xx_hal_tim.o
    0x08001458   0x00000002   Code   RO         1902    i.HAL_TIM_IC_CaptureCallback  stm32f1xx_hal_tim.o
    0x0800145a   0x00000166   Code   RO         1916    i.HAL_TIM_IRQHandler  stm32f1xx_hal_tim.o
    0x080015c0   0x00000094   Code   RO          271    i.HAL_TIM_MspPostInit  tim.o
    0x08001654   0x00000002   Code   RO         1919    i.HAL_TIM_OC_DelayElapsedCallback  stm32f1xx_hal_tim.o
    0x08001656   0x000000cc   Code   RO         1940    i.HAL_TIM_PWM_ConfigChannel  stm32f1xx_hal_tim.o
    0x08001722   0x0000005a   Code   RO         1943    i.HAL_TIM_PWM_Init  stm32f1xx_hal_tim.o
    0x0800177c   0x00000028   Code   RO          273    i.HAL_TIM_PWM_MspInit  tim.o
    0x080017a4   0x00000002   Code   RO         1946    i.HAL_TIM_PWM_PulseFinishedCallback  stm32f1xx_hal_tim.o
    0x080017a6   0x00000002   PAD
    0x080017a8   0x0000009c   Code   RO         1948    i.HAL_TIM_PWM_Start  stm32f1xx_hal_tim.o
    0x08001844   0x00000058   Code   RO         3330    i.HAL_TIM_PeriodElapsedCallback  motor.o
    0x0800189c   0x00000002   Code   RO         1959    i.HAL_TIM_TriggerCallback  stm32f1xx_hal_tim.o
    0x0800189e   0x00000002   Code   RO         2851    i.HAL_UARTEx_RxEventCallback  stm32f1xx_hal_uart.o
    0x080018a0   0x00000070   Code   RO         2863    i.HAL_UART_DMAStop  stm32f1xx_hal_uart.o
    0x08001910   0x00000002   Code   RO         2865    i.HAL_UART_ErrorCallback  stm32f1xx_hal_uart.o
    0x08001912   0x00000002   PAD
    0x08001914   0x0000026c   Code   RO         2868    i.HAL_UART_IRQHandler  stm32f1xx_hal_uart.o
    0x08001b80   0x00000064   Code   RO         2869    i.HAL_UART_Init     stm32f1xx_hal_uart.o
    0x08001be4   0x000000b0   Code   RO          348    i.HAL_UART_MspInit  usart.o
    0x08001c94   0x0000001c   Code   RO         2873    i.HAL_UART_Receive_DMA  stm32f1xx_hal_uart.o
    0x08001cb0   0x00000002   Code   RO         2875    i.HAL_UART_RxCpltCallback  stm32f1xx_hal_uart.o
    0x08001cb2   0x00000002   Code   RO         2876    i.HAL_UART_RxHalfCpltCallback  stm32f1xx_hal_uart.o
    0x08001cb4   0x00000002   Code   RO         2880    i.HAL_UART_TxCpltCallback  stm32f1xx_hal_uart.o
    0x08001cb6   0x00000002   Code   RO          396    i.HardFault_Handler  stm32f1xx_it.o
    0x08001cb8   0x0000003c   Code   RO          203    i.MX_DMA_Init       dma.o
    0x08001cf4   0x00000128   Code   RO          179    i.MX_GPIO_Init      gpio.o
    0x08001e1c   0x00000048   Code   RO          229    i.MX_SPI1_Init      spi.o
    0x08001e64   0x000000b4   Code   RO          274    i.MX_TIM1_Init      tim.o
    0x08001f18   0x000000bc   Code   RO          275    i.MX_TIM2_Init      tim.o
    0x08001fd4   0x0000006c   Code   RO          276    i.MX_TIM3_Init      tim.o
    0x08002040   0x000000bc   Code   RO          277    i.MX_TIM4_Init      tim.o
    0x080020fc   0x00000050   Code   RO          349    i.MX_USART1_UART_Init  usart.o
    0x0800214c   0x00000002   Code   RO          397    i.MemManage_Handler  stm32f1xx_it.o
    0x0800214e   0x00000002   Code   RO          398    i.NMI_Handler       stm32f1xx_it.o
    0x08002150   0x00000028   Code   RO         3510    i.PID_param_init    pid.o
    0x08002178   0x00000002   Code   RO          399    i.PendSV_Handler    stm32f1xx_it.o
    0x0800217a   0x00000002   PAD
    0x0800217c   0x00000098   Code   RO         3444    i.RGB_Reflash       ws2812b.o
    0x08002214   0x00000020   Code   RO         3445    i.RGB_Set_Color     ws2812b.o
    0x08002234   0x00000034   Code   RO         3446    i.RGB_WHITE         ws2812b.o
    0x08002268   0x0000009c   Code   RO         3241    i.Rc_To_chassis     controller.o
    0x08002304   0x000000a4   Code   RO         3242    i.Rc_To_robotarm    controller.o
    0x080023a8   0x00000022   Code   RO          606    i.SPI_DMAError      stm32f1xx_hal_spi.o
    0x080023ca   0x0000000a   Code   RO          608    i.SPI_DMAHalfTransmitCplt  stm32f1xx_hal_spi.o
    0x080023d4   0x00000064   Code   RO          612    i.SPI_DMATransmitCplt  stm32f1xx_hal_spi.o
    0x08002438   0x00000020   Code   RO          616    i.SPI_EndRxTxTransaction  stm32f1xx_hal_spi.o
    0x08002458   0x000000b8   Code   RO          621    i.SPI_WaitFlagStateUntilTimeout  stm32f1xx_hal_spi.o
    0x08002510   0x00000002   Code   RO          400    i.SVC_Handler       stm32f1xx_it.o
    0x08002512   0x00000004   Code   RO          401    i.SysTick_Handler   stm32f1xx_it.o
    0x08002516   0x0000005e   Code   RO           14    i.SystemClock_Config  main.o
    0x08002574   0x00000002   Code   RO         3203    i.SystemInit        system_stm32f1xx.o
    0x08002576   0x00000002   PAD
    0x08002578   0x0000000c   Code   RO          402    i.TIM3_IRQHandler   stm32f1xx_it.o
    0x08002584   0x0000006c   Code   RO         1961    i.TIM_Base_SetConfig  stm32f1xx_hal_tim.o
    0x080025f0   0x0000001a   Code   RO         1962    i.TIM_CCxChannelCmd  stm32f1xx_hal_tim.o
    0x0800260a   0x00000014   Code   RO         1972    i.TIM_ETR_SetConfig  stm32f1xx_hal_tim.o
    0x0800261e   0x00000010   Code   RO         1973    i.TIM_ITRx_SetConfig  stm32f1xx_hal_tim.o
    0x0800262e   0x00000002   PAD
    0x08002630   0x00000050   Code   RO         1974    i.TIM_OC1_SetConfig  stm32f1xx_hal_tim.o
    0x08002680   0x00000058   Code   RO         1975    i.TIM_OC2_SetConfig  stm32f1xx_hal_tim.o
    0x080026d8   0x00000058   Code   RO         1976    i.TIM_OC3_SetConfig  stm32f1xx_hal_tim.o
    0x08002730   0x00000044   Code   RO         1977    i.TIM_OC4_SetConfig  stm32f1xx_hal_tim.o
    0x08002774   0x00000022   Code   RO         1979    i.TIM_TI1_ConfigInputStage  stm32f1xx_hal_tim.o
    0x08002796   0x00000024   Code   RO         1981    i.TIM_TI2_ConfigInputStage  stm32f1xx_hal_tim.o
    0x080027ba   0x00000010   Code   RO         2882    i.UART_DMAAbortOnError  stm32f1xx_hal_uart.o
    0x080027ca   0x0000004a   Code   RO         2883    i.UART_DMAError     stm32f1xx_hal_uart.o
    0x08002814   0x00000086   Code   RO         2884    i.UART_DMAReceiveCplt  stm32f1xx_hal_uart.o
    0x0800289a   0x0000001e   Code   RO         2886    i.UART_DMARxHalfCplt  stm32f1xx_hal_uart.o
    0x080028b8   0x0000004e   Code   RO         2892    i.UART_EndRxTransfer  stm32f1xx_hal_uart.o
    0x08002906   0x0000001c   Code   RO         2893    i.UART_EndTxTransfer  stm32f1xx_hal_uart.o
    0x08002922   0x000000c2   Code   RO         2894    i.UART_Receive_IT   stm32f1xx_hal_uart.o
    0x080029e4   0x000000b8   Code   RO         2895    i.UART_SetConfig    stm32f1xx_hal_uart.o
    0x08002a9c   0x00000090   Code   RO         2896    i.UART_Start_Receive_DMA  stm32f1xx_hal_uart.o
    0x08002b2c   0x0000004c   Code   RO          403    i.USART1_IRQHandler  stm32f1xx_it.o
    0x08002b78   0x00000002   Code   RO          404    i.UsageFault_Handler  stm32f1xx_it.o
    0x08002b7a   0x00000020   Code   RO         1379    i.__NVIC_SetPriority  stm32f1xx_hal_cortex.o
    0x08002b9a   0x00000008   Code   RO         3243    i.getButtonState    controller.o
    0x08002ba2   0x00000002   PAD
    0x08002ba4   0x00000040   Code   RO         3244    i.handle_horizondata_trans  controller.o
    0x08002be4   0x00000030   Code   RO         3245    i.handle_robotarm_trans  controller.o
    0x08002c14   0x00000044   Code   RO         3246    i.handle_spindata_trans  controller.o
    0x08002c58   0x00000044   Code   RO         3247    i.handle_verticaldata_trans  controller.o
    0x08002c9c   0x00000048   Code   RO           15    i.main              main.o
    0x08002ce4   0x00000068   Code   RO         3331    i.motor_init        motor.o
    0x08002d4c   0x0000024c   Code   RO         3332    i.motor_set         motor.o
    0x08002f98   0x00000070   Code   RO         3333    i.move_speedresol   motor.o
    0x08003008   0x00000028   Code   RO         3393    i.robot_arm_init    robot_arm.o
    0x08003030   0x0000006c   Code   RO         3394    i.servo_1_set       robot_arm.o
    0x0800309c   0x0000006c   Code   RO         3395    i.servo_2_set       robot_arm.o
    0x08003108   0x00000018   Code   RO         3396    i.servo_3_set       robot_arm.o
    0x08003120   0x000000c4   Code   RO         3538    x$fpl$fadd          fz_ws.l(faddsub_clz.o)
    0x080031e4   0x0000000c   Code   RO         3567    x$fpl$fcheck1       fz_ws.l(fcheck1.o)
    0x080031f0   0x00000184   Code   RO         3545    x$fpl$fdiv          fz_ws.l(fdiv.o)
    0x08003374   0x00000036   Code   RO         3548    x$fpl$ffix          fz_ws.l(ffix.o)
    0x080033aa   0x00000002   PAD
    0x080033ac   0x0000003e   Code   RO         3552    x$fpl$ffixu         fz_ws.l(ffixu.o)
    0x080033ea   0x00000002   PAD
    0x080033ec   0x00000030   Code   RO         3557    x$fpl$fflt          fz_ws.l(fflt_clz.o)
    0x0800341c   0x00000026   Code   RO         3556    x$fpl$ffltu         fz_ws.l(fflt_clz.o)
    0x08003442   0x00000002   PAD
    0x08003444   0x00000102   Code   RO         3562    x$fpl$fmul          fz_ws.l(fmul.o)
    0x08003546   0x0000008c   Code   RO         3569    x$fpl$fnaninf       fz_ws.l(fnaninf.o)
    0x080035d2   0x0000000a   Code   RO         3571    x$fpl$fretinf       fz_ws.l(fretinf.o)
    0x080035dc   0x00000014   Code   RO         3539    x$fpl$frsb          fz_ws.l(faddsub_clz.o)
    0x080035f0   0x000000ea   Code   RO         3540    x$fpl$fsub          fz_ws.l(faddsub_clz.o)
    0x080036da   0x00000064   Code   RO         3589    x$fpl$retnan        fz_ws.l(retnan.o)
    0x0800373e   0x0000004c   Code   RO         3564    x$fpl$scalbnf       fz_ws.l(scalbnf.o)
    0x0800378a   0x00000030   Code   RO         3601    x$fpl$trapveneer    fz_ws.l(trapv.o)
    0x080037ba   0x00000000   Code   RO         3573    x$fpl$usenofp       fz_ws.l(usenofp.o)
    0x080037ba   0x00000012   Data   RO         1077    .constdata          stm32f1xx_hal_rcc.o
    0x080037cc   0x00000010   Data   RO         3204    .constdata          system_stm32f1xx.o
    0x080037dc   0x00000008   Data   RO         3205    .constdata          system_stm32f1xx.o
    0x080037e4   0x00000011   Data   RO         3449    .constdata          ws2812b.o
    0x080037f5   0x00000003   PAD
    0x080037f8   0x00000020   Data   RO         3730    Region$$Table       anon$$obj.o


    Execution Region RW_IRAM1 (Base: 0x20000000, Size: 0x00000a58, Max: 0x00005000, ABSOLUTE)

    Base Addr    Size         Type   Attr      Idx    E Section Name        Object

    0x20000000   0x0000000c   Data   RW          914    .data               stm32f1xx_hal.o
    0x2000000c   0x00000004   Data   RW         3206    .data               system_stm32f1xx.o
    0x20000010   0x00000001   Data   RW         3249    .data               controller.o
    0x20000011   0x00000001   Data   RW         3250    .data               controller.o
    0x20000012   0x00000002   PAD
    0x20000014   0x00000030   Data   RW         3251    .data               controller.o
    0x20000044   0x00000010   Data   RW         3398    .data               robot_arm.o
    0x20000054   0x0000009c   Zero   RW          230    .bss                spi.o
    0x200000f0   0x00000120   Zero   RW          278    .bss                tim.o
    0x20000210   0x0000008c   Zero   RW          350    .bss                usart.o
    0x2000029c   0x0000003e   Zero   RW         3248    .bss                controller.o
    0x200002da   0x00000002   PAD
    0x200002dc   0x000000e8   Zero   RW         3335    .bss                motor.o
    0x200003c4   0x0000000c   Zero   RW         3397    .bss                robot_arm.o
    0x200003d0   0x00000021   Zero   RW         3448    .bss                ws2812b.o
    0x200003f1   0x00000003   PAD
    0x200003f4   0x00000060   Zero   RW         3604    .bss                c_w.l(libspace.o)
    0x20000454   0x00000004   PAD
    0x20000458   0x00000200   Zero   RW            2    HEAP                startup_stm32f103xb.o
    0x20000658   0x00000400   Zero   RW            1    STACK               startup_stm32f103xb.o


==============================================================================

Image component sizes


      Code (inc. data)   RO Data    RW Data    ZI Data      Debug   Object Name

       788         80          0         50         62       8092   controller.o
        60          4          0          0          0        690   dma.o
       296         22          0          0          0        951   gpio.o
       170          4          0          0          0     433624   main.o
       892         80          0          0        232       4848   motor.o
        40         10          0          0          0        665   pid.o
       280         60          0         16         12       2787   robot_arm.o
       248         32          0          0        156       1634   spi.o
        64         26        236          0       1536        772   startup_stm32f103xb.o
       128         24          0         12          0       5033   stm32f1xx_hal.o
       198         14          0          0          0      28707   stm32f1xx_hal_cortex.o
       814         36          0          0          0       5241   stm32f1xx_hal_dma.o
       516         40          0          0          0       3808   stm32f1xx_hal_gpio.o
        60          8          0          0          0        794   stm32f1xx_hal_msp.o
      1240         84         18          0          0       4884   stm32f1xx_hal_rcc.o
       748         16          0          0          0       6716   stm32f1xx_hal_spi.o
      1858         72          0          0          0      15301   stm32f1xx_hal_tim.o
       192         12          0          0          0       2997   stm32f1xx_hal_tim_ex.o
      1752         24          0          0          0      12505   stm32f1xx_hal_uart.o
       162         36          0          0          0       6989   stm32f1xx_it.o
         2          0         24          4          0        999   system_stm32f1xx.o
       960         80          0          0        288       4793   tim.o
       256         34          0          0        140       1697   usart.o
       236         28         17          0         33       2678   ws2812b.o

    ----------------------------------------------------------------------
     11986        826        330         84       2464     557205   Object Totals
         0          0         32          0          0          0   (incl. Generated)
        26          0          3          2          5          0   (incl. Padding)

    ----------------------------------------------------------------------

      Code (inc. data)   RO Data    RW Data    ZI Data      Debug   Library Member Name

         8          0          0          0          0         68   __main.o
         0          0          0          0          0          0   __rtentry.o
        12          0          0          0          0          0   __rtentry2.o
         6          0          0          0          0          0   __rtentry4.o
        52          8          0          0          0          0   __scatter.o
        26          0          0          0          0          0   __scatter_copy.o
        28          0          0          0          0          0   __scatter_zi.o
        18          0          0          0          0         80   exit.o
         6          0          0          0          0        152   heapauxi.o
         0          0          0          0          0          0   indicate_semi.o
         2          0          0          0          0          0   libinit.o
         2          0          0          0          0          0   libinit2.o
         2          0          0          0          0          0   libshutdown.o
         2          0          0          0          0          0   libshutdown2.o
         8          4          0          0         96         68   libspace.o
        78          0          0          0          0         80   rt_memclr_w.o
         2          0          0          0          0          0   rtexit.o
        10          0          0          0          0          0   rtexit2.o
        12          4          0          0          0         68   sys_exit.o
        74          0          0          0          0         80   sys_stackheap_outer.o
         2          0          0          0          0         68   use_no_semi.o
       450          8          0          0          0        236   faddsub_clz.o
        12          4          0          0          0         68   fcheck1.o
       388         76          0          0          0         96   fdiv.o
        54          4          0          0          0         84   ffix.o
        62          4          0          0          0         84   ffixu.o
        86          0          0          0          0        136   fflt_clz.o
       258          4          0          0          0         84   fmul.o
       140          4          0          0          0         84   fnaninf.o
        10          0          0          0          0         68   fretinf.o
       100          0          0          0          0         68   retnan.o
        76          0          0          0          0         68   scalbnf.o
        48          0          0          0          0         68   trapv.o
         0          0          0          0          0          0   usenofp.o

    ----------------------------------------------------------------------
      2044        120          0          0        100       1808   Library Totals
        10          0          0          0          4          0   (incl. Padding)

    ----------------------------------------------------------------------

      Code (inc. data)   RO Data    RW Data    ZI Data      Debug   Library Name

       350         16          0          0         96        664   c_w.l
      1684        104          0          0          0       1144   fz_ws.l

    ----------------------------------------------------------------------
      2044        120          0          0        100       1808   Library Totals

    ----------------------------------------------------------------------

==============================================================================


      Code (inc. data)   RO Data    RW Data    ZI Data      Debug   

     14030        946        330         84       2564     551417   Grand Totals
     14030        946        330         84       2564     551417   ELF Image Totals
     14030        946        330         84          0          0   ROM Totals

==============================================================================

    Total RO  Size (Code + RO Data)                14360 (  14.02kB)
    Total RW  Size (RW Data + ZI Data)              2648 (   2.59kB)
    Total ROM Size (Code + RO Data + RW Data)      14444 (  14.11kB)

==============================================================================

